(B);NonStandard15;X15;15;NonStandard15
(B);NonStandard29;X29;29;NonStandard29
(B);NonStandard4;X4;4;NonStandard4
(B);NonStandard2;X2;2;NonStandard2
(B);NonStandard20;X20;20;NonStandard20
(B);NonStandard6;X6;6;NonStandard6
(B);NonStandard22;X22;22;NonStandard22
(B);NonStandard26;X26;26;NonStandard26
(B);NonStandard7;X7;7;NonStandard7
(B);NonStandard11;X11;11;NonStandard11
(B);NonStandard18;X18;18;NonStandard18
(B);NonStandard5;X5;5;NonStandard5
(B);NonStandard12;X12;12;NonStandard12
(B);NonStandard31;X31;31;NonStandard31
(B);NonStandard16;X16;16;NonStandard16
(B);NonStandard3;X3;3;NonStandard3
(B);NonStandard14;X14;14;NonStandard14
(B);NonStandard10;X10;10;NonStandard10
(B);NonStandard19;X19;19;NonStandard19
(B);NonStandard23;X23;23;NonStandard23
(B);NonStandard21;X21;21;NonStandard21
(B);NonStandard24;X24;24;NonStandard24
(B);NonStandard1;X1;1;NonStandard1
(B);NonStandard8;X8;8;NonStandard8
(B);;88629b;8;U;
(A);;88c8ce;23;88c6ff;
(A);;88669b;3;88629b;
(A);;88c91f;22;49c33;
(A);;88e0cc;6;49c33;
(A);;88d58a;520;49c33;
(A);;5043f;20;49c92;
(A);;ec267;4;ebdde;
(A);;888017;3;49c33;
(S);;2177bb;64;
v_hee_CheckSum;0;;49c33;
v_hee_Version;8;;49c33;
v_hee_SectionSize;16;;49c3d;
v_hee_Signature;32;;49c5b;
(A);;ebb9f;8;9adf3;
(T);t_hee_atp_PDPContexts;886a00;88698e;
(S);;88a899;32;
v_hee_VoiceMemo;31;32;X1;
v_hee_AlarmStatus;30;32;X1;
v_hee_Vibrator;29;32;X1;
v_hee_TimeFormat;28;32;X1;
v_hee_RingVolume;24;32;X4;
v_hee_KeyToneAlert;23;32;X1;
v_hee_OrganizerAlert;22;32;X1;
v_hee_BatteryLowAlert;21;32;X1;
v_hee_NewMessageAlert;20;32;X1;
v_hee_PlmnMode;17;32;X3;
v_hee_Backlight;15;32;X2;
v_hee_AnyKeyAnswer;14;32;X1;
v_hee_Communication;13;32;X1;
v_hee_Animation;12;32;X1;
v_hee_Contrast;9;32;X3;
v_hee_ClockFormat;8;32;X1;
v_hee_RingerType;1;32;X7;
v_hee_AutomaticLanguage;0;32;X1;
(A);;ec324;4;ebe43;
(T);t_hee_OamParam;88e2a2;88e1db;
(A);;4f81d;10;49c92;
(A);;88fe7b;10;88fe6f;
(A);;ec1b6;4;ec1aa;
(S);;888574;64;
v_Process;0;;49706;
v_Instance;8;;496eb;
v_AllInstance;16;;49c33;
v_MaxLengthSpecified;24;;49c33;
v_MaxOutputLength;32;;49c33;
v_Empty;40;;8885f0;
(T);t_hee_ReverseCellLock;884de7;884d8d;
(S);;888a5e;32;
v_hee_ROKoperator;31;32;X1;
v_hee_FTMoperator;30;32;X1;
v_hee_KPNoperator;29;32;X1;
v_hee_LoftFeatures;28;32;X1;
v_hee_UEFAFeatures;27;32;X1;
v_hee_GapFeatures_0;26;32;X1;
v_hee_GapFeatures_1;25;32;X1;
v_hee_SetupEndSessionSTK2;24;32;X1;
v_hee_SetupSTKEmptyString;23;32;X1;
v_hee_SetupSTKCrBit;22;32;X1;
v_hee_SetupEscalatingTimer;21;32;X1;
v_hee_SetupDisplayMenuLang;20;32;X1;
v_hee_SetupMenuRegister;19;32;X1;
v_hee_SetupVibrator;18;32;X1;
v_hee_SetupProtectMboxn;17;32;X1;
v_hee_SetupReadWelcomeInSim;16;32;X1;
v_hee_GapFeatures_3;11;32;X5;
v_hee_SetupBeepCredit;10;32;X1;
v_hee_SetupSmartEditor;9;32;X1;
v_hee_SetupCopyCat;8;32;X1;
v_hee_SetupUCS2State;7;32;X1;
v_hee_SetupNotConfCall;6;32;X1;
v_hee_SetupScreenEndCallSTK;5;32;X1;
v_hee_SetupEndSessionSTK;4;32;X1;
v_hee_SetupSimToolKit;3;32;X1;
v_hee_SetupCompress;2;32;X1;
v_hee_GapFeatures_2;1;32;X1;
v_hee_SetupPAType;0;32;X1;
(T);s_hee_ProductionParam;88837c;88835f;
(S);;884aef;256;
s_hee_FmSettingsSectionHeader;0;;217824;
s_hee_Setting;64;;884ad9;
(A);;887cfd;3;49c33;
(A);;4f883;7;49c92;
(T);t_hee_BtSetting;88d8d3;88d7f1;
(T);t_hee_ProductionParam;88835f;888327;
(S);;88593f;32;
v_PSNTRG_Mode;31;32;X1;
v_PSCIPH_Mode;30;32;X1;
v_PSNWID_Mode;29;32;X1;
v_PSUTTZ_Mode;28;32;X1;
v_PSHZNT_Mode;27;32;X1;
v_CGEREP_Bfr;26;32;X1;
v_CGEREP_Mode;24;32;X2;
v_CMER_IndicatorReport;22;32;X2;
v_CMER_Mode;19;32;X3;
v_RegisterInAutomaticMode;18;32;X1;
v_CMGFMode;17;32;X1;
v_CSDH;16;32;X1;
v_CharSet;13;32;X3;
v_COLP_n;12;32;X1;
v_CSSN_m;11;32;X1;
v_CSSN_n;10;32;X1;
v_CLIP_n;9;32;X1;
v_CLIR_n;7;32;X2;
v_PSCSSC_Mode;6;32;X1;
v_PSFSNT_Mode;5;32;X1;
v_PSCSCN_Mode;3;32;X2;
v_CAOC_Mode;1;32;X2;
v_CCWE_Mode;0;32;X1;
(A);;8868cf;12;49c33;
(T);t_ant_NitzFullName;8862e2;886296;
(A);;4f961;6;49c92;
(T);t_hwlaud_UserRxCfg;512d0;51299;
(T);t_ProcessInstance;496eb;49c33;
(A);;ebdb5;2;9adb7;
(S);;8878c2;576;
v_hee_BitMap;0;;8878c7;
v_GAP;560;;8878e7;
(A);;ec289;4;9adb7;
(A);;88ceac;1;49c33;
(T);t_hee_BaBitMap;887901;8878c2;
(T);t_hwlaud_EcIcc;50721;506e2;
(T);t_hwlaud_CalParametricTable;4ffdb;4f7dd;
(A);;ec48f;4;9ae2c;
(S);;ebd88;48;
txVrampCorrFctOfVBat;0;;ebd8d;
txVrampThresholdVBat;32;;ebdb5;
(A);;8881cc;64;49c33;
(T);t_hee_AdcDataParam;88f989;88f505;
(A);;88787f;10;88781c;
(B);;49cb3;32;S;
(A);;886051;4;49c33;
(S);;886296;512;
a_text;0;;8862a3;
v_NitzMcc;480;;49c3d;
v_NitzMnc;496;;49c3d;
(A);;8881ed;2;49c33;
(T);t_hee_EquivalentPlmnList;88785a;88782e;
(S);;88cb13;10400;
s_hee_SettingSectionHeader;0;;217824;
s_hee_Setting;64;;88cafd;
(T);s_hee_SettingParam;88cb6e;88cb53;
(A);;88b89c;1;49c33;
(A);;884e97;14;49c33;
(S);;880798;32;
v_MinValue;0;;49c33;
v_MaxValue;8;;49c33;
v_GAP2;16;;8807c5;
(T);t_Xtal;88da59;88da3b;
(T);t_hee_BtFactoryParam;88d611;88d5cf;
(T);stBblRfNvramTxVrampVBatCorrectionParam;ebdde;ebd88;
(A);;8880fa;2;49c33;
(A);;88fd22;4;88fd16;
(S);;88da13;32;
s_hwlgpm;0;;218103;
(S);;88e157;128;
v_hee_SAV_Tester_Number;0;;88e15c;
v_hee_PA_Type;16;;49c33;
v_hee_SpareL7A;24;;88e19e;
(A);;880716;8;49c33;
(A);;8880da;2;49c33;
(A);;88bf0c;15;49c33;
(S);;88df93;128;
v_hee_ProductionLocation;0;;88df98;
v_hee_HardVersion;16;;49c33;
v_hee_Week;24;;49c33;
v_hee_Year;32;;49c3d;
v_hee_LineNumber;48;;49c33;
v_hee_Number;56;;88e021;
v_hee_ConfigLine;80;;49c33;
v_hee_ConfigWeek;88;;49c33;
v_hee_ConfigYear;96;;49c3d;
v_hee_ConfigIndication;112;;49c3d;
(A);;88caa4;5;49c33;
(A);;88e7a4;8;49c33;
(A);;8874ae;42;886e3d;
(S);;886e80;344;
a_PhoneNumber;0;;886e85;
(S);;886747;192;
v_NbMinutes;0;;49c33;
v_NbHours;8;;49c33;
v_NbDays;16;;49c33;
v_NbWeeks;24;;49c33;
v_Gap_RelativeTime;32;;886799;
(S);;88ad78;32;
v_DaylightSavingTime;30;32;X2;
v_hee_SmsImmediateDisplay;29;32;X1;
v_hee_CallForwarded;25;32;X4;
v_hee_ShowLastCall;24;32;X1;
v_hee_ShowDuringCall;22;32;X2;
v_hee_MediumSelectionForSynchro;20;32;X2;
v_hee_MediumSelection;19;32;X1;
v_hee_DayLightSavingsSelection;18;32;X1;
v_hee_TimeZoneSelection;17;32;X1;
v_hee_DayLightSavings;16;32;X1;
v_hee_HandsfreeVolume;8;32;X8;
v_hee_NewSmscb;7;32;X1;
v_hee_MemoUnread;6;32;X1;
v_hee_ThaiCalendar;5;32;X1;
v_hee_ENSFeature;4;32;X1;
v_hee_ConnectedOnce;3;32;X1;
v_hee_EscalatingRunning;2;32;X1;
v_hee_ClirSubscription;1;32;X1;
v_hee_TestSTK;0;32;X1;
(A);;ec0d1;6;9ae14;
(T);t_hee_WhiteList;886ea4;886e80;
(A);;8881ae;2;49c33;
(T);t_hee_Header;888499;88841d;
(T);t_hee_AccesoriesBitFields;88b749;88b5e1;
(S);;884bf3;32;
v_hee_RauAtSwitchOff;31;32;X1;
v_hee_EgprsMultiSlotClass;26;32;X5;
v_hee_GprsMultiSlotClass;21;32;X5;
v_hee_SplitPagingOnCcch;20;32;X1;
v_hee_T3190DuringTestMode;19;32;X1;
v_RFU1;16;32;X3;
v_RFU2;8;32;X8;
v_RFU3;0;32;X8;
(T);t_hwlaud_DynNG;506cb;5055c;
(A);;885190;4;49c33;
(A);;88d50f;2;49c33;
(S);;88aadd;32;
v_hee_Alarm2Status;31;32;X1;
v_hee_Alarm2ClockOnce;30;32;X1;
v_hee_AlarmClockOnce;29;32;X1;
v_hee_ALSLineFlag;28;32;X1;
v_hee_CFUPromptFlag;27;32;X1;
v_hee_AskForStatusReport;26;32;X1;
v_hee_RecordSentMessages;25;32;X1;
v_hee_DefaultReplyPath;24;32;X1;
v_hee_ReconfKeyPadLock;22;32;X2;
v_hee_AVC_Comp;20;32;X2;
v_hee_CLIR;18;32;X2;
v_hee_AccessLevel;16;32;X2;
v_hee_UserVolume;12;32;X4;
v_hee_EarpieceVolume;8;32;X4;
v_hee_CCBS;7;32;X1;
v_hee_KeyPadLock;4;32;X3;
v_hee_CurrentLineL1L2;3;32;X1;
v_hee_AutoRedial;2;32;X1;
v_hee_ShowInfoEndOfCall;1;32;X1;
v_hee_CallReminder;0;32;X1;
(A);;88231b;3;49c33;
(T);t_hwlaud_BblVolumeTable;50474;50468;
(A);;88bf4e;15;49c33;
(A);;2180a3;4;49c33;
(T);t_hee_DataBitFields3;885d71;885b9f;
(S);;88b7f7;32;
v_UartDataFormat;24;32;X8;
v_ICF_Format;16;32;X8;
v_ICF_Parity;8;32;X8;
v_RFU;0;32;X8;
(S);;8847e9;448;
s_hee_IpStackSectionHeader;0;;217824;
v_hee_GsmTCPRecWndSize;64;;49c5b;
v_hee_GprsTCPRecWndSize;96;;49c5b;
v_hee_WlanTCPRecWndSize;128;;49c5b;
v_hee_EspTCPRecWndSize;160;;49c5b;
v_hee_SpiTCPRecWndSize;192;;49c5b;
v_hee_ProtocolMask;224;;49c5b;
v_hee_GsmMTU;256;;49c3d;
v_hee_GprsMTU;272;;49c3d;
v_hee_WlanMTU;288;;49c3d;
v_hee_EspMTU;304;;49c3d;
v_hee_SpiMTU;320;;49c3d;
v_hee_Padding;336;;49c3d;
v_hee_TraceLevel;352;;49c33;
v_Gap;360;;884971;
v_hee_IpFilterCb;384;;49c5b;
v_hee_FirewallCb;416;;49c5b;
(A);;887b0e;3;49c33;
(A);;888662;5;88860c;
(S);;887950;160;
v_hee_BandIndList;0;;887955;
(S);;4f7dd;4336;
a_array_0;0;;4f7e3;
a_array_1;160;;4f800;
a_array_0_single;320;;4f81d;
a_array_1_single;480;;4f841;
a_driver_0;640;;4f865;
a_driver_1;752;;4f883;
a_driver_0_p_vcm;864;;4f8a1;
a_driver_1_p_vcm;992;;4f8c5;
a_driver_0_n_vcm;1120;;4f8e9;
a_driver_1_n_vcm;1232;;4f90e;
v_vcm;1344;;49c92;
a_auxst_0;1360;;4f943;
a_auxst_1;1456;;4f961;
v_ear_diff_gain;1552;;49c92;
v_ear_p_gain;1568;;49c92;
v_ear_p_st_gain;1584;;49c92;
v_ear_n_gain;1600;;49c92;
v_ear_p_gain_vcm;1616;;49c92;
v_ear_p_st_gain_vcm;1632;;49c92;
v_ear_n_gain_vcm;1648;;49c92;
v_hso_diff_gain;1664;;49c92;
v_spk_diff_gain;1680;;49c92;
v_spk_diff_gain_vcm;1696;;49c92;
a_gain_dac_to_pga;1712;;4fa87;
a_gain_dac_to_pga_p;1872;;4faad;
a_gain_dac_to_pga_n;2032;;4fad5;
a_gain_dac_to_pga_auxst;2192;;4fafd;
a_gain_dac_to_pga_auxst_p;2352;;4fb29;
a_gain_dac_to_pga_auxst_n;2512;;4fb57;
a_pga_offset;2672;;4fb85;
a_pga_offset_p;2832;;4fba6;
a_pga_offset_n;2992;;4fbc9;
a_auxst_pga_offset;3152;;4fbec;
a_auxst_p_pga_offset;3312;;4fc13;
a_auxst_n_pga_offset;3472;;4fc3c;
v_ear_diff_offset;3632;;49c92;
v_ear_p_offset;3648;;49c92;
v_ear_p_st_offset;3664;;49c92;
v_ear_n_offset;3680;;49c92;
v_ear_p_offset_vcm;3696;;49c92;
v_ear_p_st_offset_vcm;3712;;49c92;
v_ear_n_offset_vcm;3728;;49c92;
v_hso_diff_offset;3744;;49c92;
v_spk_diff_offset;3760;;49c92;
v_spk_diff_offset_vcm;3776;;49c92;
v_auxst_gain_var;3792;;49c92;
v_auxst_p_gain_var;3808;;49c92;
v_auxst_abs_dac_off;3824;;49c92;
v_auxst_abs_pga_off;3840;;49c92;
v_pga_p_abs_pga_off;3856;;49c92;
v_auxst_p_abs_dac_off;3872;;49c92;
v_dac_dc_aux_off_diff;3888;;49c92;
v_dac_dc_aux_off_p;3904;;49c92;
v_dac_dc_aux_off_n;3920;;49c92;
v_vcm_dac_add_offset;3936;;49c92;
v_vcm_dac_add_offset_p;3952;;49c92;
v_vcm_dac_add_offset_n;3968;;49c92;
a_vcm_dac_off_p;3984;;4feee;
a_vcm_dac_off_n;4080;;4ff12;
a_vcm_dac_off_diff;4176;;4ff36;
v_vcm_dac_ref_point;4272;;49c92;
v_vcm_dac_ref_point_p;4288;;49c92;
v_vcm_dac_ref_point_n;4304;;49c92;
v_auxst_stereo_delta;4320;;49c92;
(T);t_hee_Msisdn;88bbc8;88bb4f;
(S);;88ba16;64;
v_hee_Year;0;;49c3d;
v_hee_Month;16;;49c33;
v_hee_Date;24;;49c33;
v_hee_Day;32;;49c33;
v_hee_Hour;40;;49c33;
v_hee_Minute;48;;49c33;
v_hee_dummy;56;;49c33;
(T);t_hwlaud_MmiFilter;51362;51335;
(S);;ebf1a;32;
normalClock;0;;9adb7;
normalMcu;8;;9adb7;
streamClock;16;;9adb7;
streamMcu;24;;9adb7;
(A);;4faad;10;49c92;
(A);;88663b;3;88629b;
(T);t_hee_DataBitFields;8856dd;88557a;
(T);st_SavL1cNbDecPagingBurst;88d23f;88d1b5;
(A);;88e021;3;49c33;
(S);;88cff1;192;
v_hee_FirstIMEI;0;;88cff6;
v_hee_SecondIMEI;64;;88d019;
v_hee_ThirdIMEI;128;;88d03d;
(T);s_hee_AudioParam;890098;890081;
(S);;887fd2;2160;
a_hee_AsmVer;0;;887fd8;
a_hee_AsmPart;32;;887ff7;
a_hee_FactId;128;;888017;
a_hee_LinId;152;;888037;
a_hee_SpcPart;232;;888056;
a_hee_BtstCnt;328;;888077;
a_hee_PtstCnt;344;;888098;
a_hee_FtstCnt;360;;8880b9;
a_hee_AntCnt;376;;8880da;
a_hee_VisCnt;392;;8880fa;
a_hee_TayCnt;408;;88811a;
a_hee_FtstRack;424;;88813a;
a_hee_FtstDate;448;;88815c;
v_hee_AntFailed;528;;49c33;
v_hee_CITFlag;536;;49c33;
a_hee_Spa1;544;;8881ae;
a_hee_TstInfo;560;;8881cc;
a_hee_PhaChksum;1072;;8881ed;
a_hee_FacFlag;1088;;888211;
a_hee_EsnNo;1152;;888233;
a_hee_Spa2;1216;;888253;
a_hee_ChkSum;1296;;888272;
a_hee_ScratchPad;1328;;888293;
a_tcmcAccess;2128;;49c33;
a_lcdContrast;2136;;49c33;
v_MATMode;2144;;49c33;
a_padByte;2152;;49c33;
(B);;49c49;16;U;
(S);;887a16;32;
v_hee_A5_1_support;7;8;X1;
v_hee_A5_2_support;6;8;X1;
v_hee_A5_3_support;5;8;X1;
v_hee_A5_4_support;4;8;X1;
v_hee_A5_5_support;3;8;X1;
v_hee_A5_6_support;2;8;X1;
v_hee_A5_7_support;1;8;X1;
v_hee_NotUsed;0;8;X1;
v_GAP;8;;887b0e;
(A);;88fe6f;2;49c92;
(S);;887b4d;32;
v_hee_GEA_1_support;7;8;X1;
v_hee_GEA_2_support;6;8;X1;
v_hee_GEA_3_support;5;8;X1;
v_hee_GEA_4_support;4;8;X1;
v_hee_GEA_5_support;3;8;X1;
v_hee_GEA_6_support;2;8;X1;
v_hee_GEA_7_support;1;8;X1;
v_hee_NotUsed;0;8;X1;
v_GAP;8;;887c4c;
(A);;88ca5e;15;49c33;
(A);;ec181;16;9adf3;
(A);;88c707;73;88c6ff;
(A);;886d31;3;49c33;
(S);;ed6a8;8240;
version;0;;9adf3;
switchLevel;16;;ed6bf;
clkArfcn;48;;ed6de;
(T);st_bbl_nvram_dsp;ec53d;ec4da;
(S);;889b3e;32;
v_hee_SecureClock_S3;0;;49c5b;
(A);;88bfca;13;49c33;
(A);;886653;3;88629b;
(T);t_hee_GsmStackParam;887f13;887d30;
(A);;4f90e;7;49c92;
(T);t_ant_NitzShortName;886341;8862fd;
(A);;8884b1;5;4971d;
(A);;88c4d0;2;88b9fd;
(A);;88dc6f;6;49c33;
(S);;886f03;24128;
s_hee_VirginSectionHeader;0;;217824;
vl_SIMEITimes;64;;49c33;
v_cmte_switch;72;;49c33;
v_vr_switch;80;;49c33;
v_csmins_switch;88;;49c33;
v_ciurc_switch;96;;49c33;
v_Moring_param;104;;49c33;
v_CEER_Mode;112;;49c33;
v_CCPD_param;120;;49c33;
v_cexths_switch;128;;49c33;
v_cextbut_switch;136;;49c33;
v_chf_switch;144;;49c33;
v_cfgri_switch;152;;49c33;
v_sub_clvl0;160;;49c33;
v_sub_clvl1;168;;49c33;
v_PsstkiMode_param;176;;49c33;
v_PsstkrejMode_param;184;;49c33;
v_CLCC_Mode;192;;49c33;
v_CALS_param;200;;49c33;
v_CALM_param;208;;49c33;
v_hee_UserVolume0;216;;49c33;
v_hee_UserVolume1;224;;49c33;
v_skpd_Mode;232;;49c33;
v_sub_clvl2;240;;49c33;
v_sub_clvl3;248;;49c33;
v_hee_UserVolume2;256;;49c33;
v_hee_UserVolume3;264;;49c33;
v_CRIPULSE_param;272;;49c33;
v_hee_JDR_mode;280;;49c33;
v_hee_JDR_var;288;;49c33;
v_hee_JDR_display;296;;49c33;
v_CBUZZERRING_param;304;;49c33;
v_hee_cemnl_enabled;312;;49c33;
v_hee_cemnl_amount;320;;49c33;
a_hee_emergency_number;328;;88724e;
v_hee_cwhitelist_enable;680;;49c33;
a_hee_WhiteList;688;;887296;
v_netlock_param;11008;;49c33;
v_att_param;11016;;49c33;
v_caas_param;11024;;49c33;
v_hee_LED_sparktime;11040;;8872fe;
v_hee_snd_level;11136;;887324;
v_cgas_param;11168;;49c33;
v_srspt_param;11176;;49c33;
v_hee_ur;11184;;49c33;
v_hee_sq;11192;;49c33;
v_cusacc_param;11200;;49c33;
v_cnitznn_param;11208;;49c33;
v_cipsttimer_start_timer;11216;;49c33;
v_cipsttimer_stop_timer;11224;;49c33;
v_hee_numOfCellUsed;11232;;49c33;
v_hee_cellSwitchMode;11240;;49c33;
v_hee_cellUsed;11248;;887452;
v_hee_CRNQPMode;11408;;49c33;
v_hee_autorun_enable;11416;;49c33;
autorun_PhoneNumber;11424;;8874ae;
v_hee_csgsMode;11760;;49c33;
v_hee_CQUICKPDP;11768;;49c33;
v_hee_CQUICKPDP3380;11776;;49c33;
v_hee_CQUICKPDP3390;11784;;49c33;
v_hee_bWdtEnable;11792;;49c15;
v_hee_iWdtInterval;11800;;49c33;
v_hee_urcCldtmf;11808;;49c33;
v_hee_urcVts;11816;;49c33;
a_hee_VirginSpecialSection;11824;;8875ab;
(T);t_hee_UMAConfig;887d18;887cd6;
(A);;4fbc9;10;49c92;
(A);;ec209;4;ec1fd;
(T);t_hee_UCS2Bitfield;88e703;88e6bb;
(S);;ebb74;192;
rssiGainFctOfArfcn;0;;ebb79;
rssiThresholdArfcn;64;;ebb9f;
(A);;88085f;1;8807e0;
(T);t_hee_MinMax;8807e0;880798;
(S);;ebe66;168;
txTimings;0;;ebe77;
(T);s_hee_WapEncryptedDataParam;8853e6;8853c4;
(T);t_hee_BtSettingParam;88d92e;88d8eb;
(A);;6a75d;8;6a641;
(E);;217287;8;
FMM_SECTION_RADIO_INDEX;0;
FMM_SECTION_OM_INDEX;1;
FMM_SECTION_KBD_INDEX;2;
FMM_SECTION_TRACE_INDEX;3;
FMM_SECTION_SPEECH_INDEX;4;
FMM_SECTION_HOTK_INDEX;5;
FMM_SECTION_LDN_INDEX;6;
FMM_SECTION_LRN_INDEX;7;
FMM_SECTION_AUDIO_INDEX;8;
FMM_SECTION_BAT_INDEX;9;
FMM_SECTION_SAV_INDEX;10;
FMM_SECTION_SIM_INDEX;11;
FMM_SECTION_SETUP_INDEX;12;
FMM_SECTION_SETTINGS_INDEX;13;
FMM_SECTION_ADDR_INDEX;14;
FMM_SECTION_ALARM_INDEX;15;
FMM_SECTION_ORGANIZER_INDEX;16;
FMM_SECTION_DEBUG_INDEX;17;
FMM_SECTION_IMEI_INDEX;18;
FMM_SECTION_ADC_DATA_INDEX;19;
FMM_SECTION_CALL_INDEX;20;
FMM_SECTION_MEL_INDEX;21;
FMM_SECTION_DOM_INDEX;22;
FMM_SECTION_BANK_INDEX;23;
FMM_SECTION_SECURITY_INDEX;24;
FMM_SECTION_CONFIG_INDEX;25;
FMM_SECTION_GAME_INDEX;26;
FMM_SECTION_DYLINK_INDEX;27;
FMM_SECTION_WAP_DATA_INDEX;28;
FMM_SECTION_WAP_ENCRYPTED_DATA_INDEX;29;
FMM_SECTION_DATA_INDEX;30;
FMM_SECTION_BT_SETTINGS_INDEX;31;
FMM_SECTION_SPC_INDEX;32;
FMM_SECTION_IP_STACK_INDEX;33;
FMM_SECTION_BT_FACTORY_INDEX;34;
FMM_SECTION_Reserved33_INDEX;35;
FMM_SECTION_Reserved34_INDEX;36;
FMM_SECTION_VIRGIN_INDEX;37;
FMM_SECTION_GPRS_APPLI_INDEX;38;
FMM_SECTION_GPRS_STACK_INDEX;39;
FMM_SECTION_PRODUCTION_INDEX;40;
FMM_SECTION_GSM_STACK_INDEX;41;
(T);t_hee_CellLock;884d76;884d03;
(S);;8862fd;512;
a_text;0;;886302;
v_NitzMcc;480;;49c3d;
v_NitzMnc;496;;49c3d;
(T);t_hee_PlmnList;887939;887917;
(A);;887296;30;886ea4;
(S);t_keytbl;88e4f5;64;
scancode;0;;49c3d;
key_info;16;;49c3d;
short_digit;32;;49c3d;
long_digit;48;;49c3d;
(S);;ebd04;48;
txVrampCorrFctOfTemp;0;;ebd09;
txVrampThresholdTemp;32;;ebd31;
(S);;886e38;32;
a_PhoneNumber;0;;886e45;
(A);;88bbfe;28;49c33;
(T);t_hwlaud_DspRxCfg;50c26;50738;
(A);;88d401;4;49c33;
(T);Uint16;9adf3;9ae02;
(S);;886af0;64;
v_Year;0;;49c3d;
v_Month;16;;49c33;
v_Day;24;;49c33;
v_Recurr;32;;49c33;
v_Hour;40;;49c33;
v_Minutes;48;;49c33;
v_Seconds;56;;49c33;
(A);;ebe6b;7;9add6;
(T);t_hee_BandIndList;88797b;887950;
(S);;887cd6;32;
v_hee_MinRxLevForHandOut;0;;49c33;
v_GAP2;8;;887cfd;
(A);;88c501;16;88bca1;
(T);Uint8;9adb7;9adc5;
(A);;88e34e;33;49c5b;
(A);;886ab9;1;49c33;
(T);s_hee_OamParam;88e2b9;88e2a2;
(T);t_hee_DataBitFields2;885b82;88593f;
(A);;88d6d4;6;49c33;
(T);st_date;88ce3f;88cdfd;
(T);s_hee_FmSettingParam;884b4d;884b31;
(S);;88e325;1984;
a_hee_UserMelody;0;;88e32b;
a_hee_OperatorMelody;800;;88e34e;
a_hee_OperatorName;1856;;88e375;
v_hee_UserMelody;1960;;49c33;
v_hee_OperatorMelody;1968;;49c33;
v_hee_MelodyIndex;1976;;49c33;
(S);;ec4da;2448;
version;0;;9adf3;
debug;16;;ec4f1;
config;656;;ec50a;
tty;1968;;ec524;
(A);;887ff7;12;49c33;
(S);;88b5e1;32;
v_hee_MicroGain;28;32;X4;
v_hee_SpeakerGain;24;32;X4;
v_hee_MeloVolumeLevel;20;32;X4;
v_hee_CarKitMelody;17;32;X3;
v_hee_CarKitpowerDown1;16;32;X1;
v_hee_CarKitpowerDown;8;32;X8;
v_hee_AutoVolumeControl;7;32;X1;
v_hee_CarKitConnectedOnce;6;32;X1;
v_hee_AutoPowerDown;4;32;X2;
v_hee_Speakers;3;32;X1;
v_hee_AutoAnswer;0;32;X3;
(S);;88d6cf;768;
a_hee_BTAddress;0;;88d6d4;
a_hee_DeviceName;48;;88d6f6;
a_hee_LinkKey;568;;88d719;
v_hee_PinCodeSize;696;;49c33;
v_hee_Trust;704;;49c15;
v_hee_Busy;712;;49c15;
v_hee_SpeakerVolume;720;;49c33;
v_hee_MicroVolume;728;;49c33;
v_hee_DeviceClass;736;;49c5b;
(T);t_hee_FA_oam_Section;88df77;88de41;
(S);;885d8e;64;
v_ToneDuration;18;32;X14;
v_CNAP_n;17;32;X1;
v_DTR_Sleep_Forbidden;15;32;X2;
v_CsnsMode;12;32;X3;
v_CMMSMode;10;32;X2;
v_AlarmIndex;7;32;X3;
v_RI_Shape;6;8;X1;
v_RI_Mask;0;8;X6;
v_PSPNNU_Mode;31;32;X1;
v_PSHDM_Mode;30;32;X1;
v_Dummyu32;28;32;X2;
v_PSPOWER_Value;18;32;X10;
v_Dummyu32_3;0;32;X18;
(A);;88666c;3;88629b;
(T);s_hee_BtSettingParam;88d94b;88d92e;
(A);;88bb54;28;49c33;
(T);t_hee_Features3;889b26;889adf;
(T);stBblRfNvramRssiTempParam;ebc33;ebbe3;
(T);t_atp_EepromCurrentProfile;886564;8864d1;
(T);t_hee_GprsStackParam;884fcb;884f88;
(S);;8887ad;32;
v_German;31;32;X1;
v_English;30;32;X1;
v_Italian;29;32;X1;
v_French;28;32;X1;
v_Spanish;27;32;X1;
v_Dutch;26;32;X1;
v_Swedish;25;32;X1;
v_Danish;24;32;X1;
v_Portuguese;23;32;X1;
v_Finnish;22;32;X1;
v_Norwegian;21;32;X1;
v_Greek;20;32;X1;
v_Turkish;19;32;X1;
v_Hungarian;18;32;X1;
v_Polish;17;32;X1;
v_Czech;16;32;X1;
v_Slovakia;15;32;X1;
v_Russian;14;32;X1;
v_Indonesia;13;32;X1;
v_Arabic;12;32;X1;
v_SimplifiedChinese;11;32;X1;
v_TraditionalChinese;10;32;X1;
v_Hebrew;9;32;X1;
v_Lithuanian;8;32;X1;
v_Romanian;7;32;X1;
v_Thai;6;32;X1;
v_Estonian;5;32;X1;
v_Latvian;4;32;X1;
v_RFU;0;32;X4;
(T);t_hwlaud_DspCommonBBL;50360;50033;
(A);;88bc1a;28;49c33;
(T);stBblRfNvramTxVrampCorrectionParam;ebcda;ebc54;
(A);;8862a3;60;88629b;
(A);;88beeb;15;49c33;
(A);;88815c;10;49c33;
(A);;880847;3;8807e0;
(S);;885ef6;640;
v_hee_PDPCtxtCid;14;16;X2;
v_hee_PDPCtxtLocked;13;16;X1;
v_hee_PDPCtxtDefined;12;16;X1;
v_hee_PDPCtxtQosPrecedence;10;16;X2;
v_hee_PDPCtxtQosDelay;7;16;X3;
v_hee_PDPCtxtQosReliability;4;16;X3;
v_hee_PDPCtxtQosPeak;0;16;X4;
v_hee_PDPCtxtQosMean;16;;49c33;
v_GAP_PDPContext;24;;886009;
a_hee_PDPCtxtApn;32;;88602d;
a_hee_PDPCtxtAddress;544;;886051;
v_hee_PDPCtxtQosTrafficClass;29;32;X3;
v_hee_PDPCtxtQosDeliveryOrder;27;32;X2;
v_hee_PDPCtxtQosDeliveryErrSDU;24;32;X3;
v_hee_PDPCtxtQosMaxSDUSize;16;32;X8;
v_hee_PDPCtxtQosMaxULBitRate;8;32;X8;
v_hee_PDPCtxtQosMaxDLBitRate;0;32;X8;
v_hee_PDPCtxtQosResidualBER;28;32;X4;
v_hee_PDPCtxtQosSDUErrorRatio;24;32;X4;
v_hee_PDPCtxtQosTransferDelay;18;32;X6;
v_hee_PDPCtxtQosTrafficHandling;16;32;X2;
v_hee_PDPCtxtQosGuaranteedULBitRate;8;32;X8;
v_hee_PDPCtxtQosGuaranteedDLBitRate;0;32;X8;
(T);s_hee_VirginSpecialSection;8875ff;8875dc;
(B);;9ade4;8;S;
(A);;4f800;10;49c92;
(A);;88fd83;4;49c92;
(A);;885250;2;49c33;
(S);;88cce1;224;
s_hee_spcSectionHeader;0;;217824;
a_hee_EmergencyNumber;64;;88cd06;
v_GAP;208;;88cd2e;
(T);t_hee_CBMIR;88b95e;88b939;
(A);;88724e;11;886e63;
(S);;88681a;224;
s_hee_SmsVp;0;;886803;
v_hee_Smsfo;192;;49c33;
v_hee_SmsPid;200;;49c33;
v_hee_SmsDcs;208;;49c33;
v_GAP_SmsSettingsProfile;216;;886873;
(S);;888625;1856;
s_hee_Header;0;;888499;
a_hee_SaveTCTList;64;;88863f;
a_hee_SaveTCTAppl;704;;888662;
v_hee_TraceInitEeprom;1024;;49c33;
v_hee_TraceRealTime;1032;;49c33;
a_hee_ProcessSelectArray;1040;;8886c3;
v_Empty;1840;;8886f0;
(A);;88b992;12;49c33;
(A);;ec1fd;16;9adf3;
(S);;890039;46528;
s_HeeAudioSectionHeader;0;;217824;
s_HeeAudioSectionParam;64;;6a7fe;
(A);;88d4ed;6;49c33;
(S);;88bf83;832;
a_hee_Record1;0;;88bf88;
a_hee_Record2;104;;88bfa9;
a_hee_Record3;208;;88bfca;
a_hee_Record4;312;;88bfeb;
a_hee_Record5;416;;88c00c;
a_hee_Record6;520;;88c02d;
a_hee_Record7;624;;88c04e;
a_hee_Record8;728;;88c06f;
(T);s_hee_EepromBaseBand;88dba5;88db44;
(A);;88cf84;2;49c33;
(S);;88bbdd;896;
a_hee_L1;0;;88bbe2;
a_hee_L2;224;;88bbfe;
a_hee_fax;448;;88bc1a;
a_hee_data;672;;88bc37;
(T);t_hwlaud_SelEsX;504a0;50494;
(T);t_hau_DspRxOrgan;6a641;6a60e;
(A);;88c02d;13;49c33;
(T);stBblRfNvramTxVcoRegBoost;ebef8;ebeb5;
(A);;88ce6d;4;49c33;
(A);;887ea7;33;49c3d;
(A);;886468;3;88629b;
(A);;8807c5;2;49c33;
(A);;888272;4;49c33;
(S);;889969;32;
v_hee_SetupBerWithoutSimState;31;32;X1;
v_hee_CtmIndication;30;32;X1;
v_hee_FirstStartup;29;32;X1;
v_hee_DSL_UartSpeedHigh;28;32;X1;
v_hee_SetupRfPowerCapaGSM850;25;32;X3;
v_hee_MicMode;23;32;X2;
v_hee_rfacchmode;22;32;X1;
v_hee_sacchmode;21;32;X1;
v_hee_racchmode;20;32;X1;
v_hee_DtrActivateDsl;19;32;X1;
v_Gap;0;32;X19;
(S);;884e05;544;
s_hee_UserFeatures;0;;884ce8;
v_hee_SupportedFeature;32;;49c5b;
v_hee_PtrFctInit;64;;49c5b;
v_hee_ParamFctInit;96;;49c3d;
a_hee_GKC;112;;884e7a;
a_hee_Gloci;184;;884e97;
v_hee_MaxUsed;296;;49c33;
v_hee_HighLimit;304;;49c33;
v_hee_LowLimit;312;;49c33;
s_hee_CellLock;320;;884d76;
v_hee_ReverseCellLock;416;;884de7;
v_hee_LatestServingCell;496;;49c3d;
v_GAP_END;512;;884f52;
(T);t_hee_Features4;889b62;889b3e;
(T);t_hee_AudioParam;890081;890039;
(S);;88557a;32;
v_CrState;31;32;X1;
v_TypeOfAddress;23;32;X8;
v_UserBearerRate;19;32;X4;
v_SyncAsync;18;32;X1;
v_TransferMode;17;32;X1;
v_InfoTrans;14;32;X3;
v_ConnElm;12;32;X2;
v_Crc;11;32;X1;
v_CallMode;9;32;X2;
v_CMEE;7;32;X2;
v_CREGn;5;32;X2;
v_CGREGn;3;32;X2;
v_CSMSService;2;32;X1;
v_CFUNReset;1;32;X1;
v_UrcMode;0;32;X1;
(A);;886873;1;49c33;
(T);t_hee_ExtE;88c091;88bf83;
(T);t_hee_EmCallEcPlmnList;8878a4;88787a;
(S);;88dcaf;128;
v_hee_MTX_Test_Status;0;;49c33;
v_hee_MTX_Jig_Number;8;;49c33;
v_hee_MTX_Line_Number;16;;49c33;
v_hee_MTX_Test_Day;24;;49c33;
v_hee_MTX_Test_Year;32;;49c3d;
v_hee_MTX_Test_Month;48;;49c33;
v_hee_MTX_PCB_Number_Test;56;;49c33;
v_hee_MTX_Jig_Side;64;;49c33;
v_hee_MTX_Test_Hour;72;;49c33;
v_hee_MTX_Number;80;;49c3d;
v_hee_MTX_Vibrator_Current;96;;49c33;
v_hee_SpareL76;104;;88de01;
(A);;88470f;31;49c3d;
(S);;21809e;32;
dummy;0;;2180a3;
(S);;88be62;960;
a_hee_Record1;0;;88be67;
a_hee_Record2;120;;88be88;
a_hee_Record3;240;;88bea9;
a_hee_Record4;360;;88beca;
a_hee_Record5;480;;88beeb;
a_hee_Record6;600;;88bf0c;
a_hee_Record7;720;;88bf2d;
a_hee_Record8;840;;88bf4e;
(A);;ebc0d;2;9add6;
(A);;4f841;10;49c92;
(A);;4f7e3;10;49c92;
(A);;889b0a;3;49c33;
(A);;4fb85;10;49c92;
(A);;8886f0;2;49c33;
(T);t_atp_EepSmsSetTextmodeParameters;8868a0;88681a;
(T);s_hee_AddrParam;88474f;884739;
(S);;88698e;1952;
a_hee_atp_PDPContext;0;;886994;
v_hee_DefaultPDPCtxt;1920;;49c33;
v_GAP_PDPContexts;1928;;8869d9;
(T);s_hee_ImeiParam;8823dc;8823c6;
(T);st_SavIMEI;88d061;88cff1;
(A);;ebd8d;2;9adf3;
(T);t_hee_FeaturesGPRS2;889849;8893d1;
(T);s_hee_MelodyParam;88e45d;88e444;
(T);t_hee_Plmn;88781c;8877ad;
(T);s_hee_GsmStackParam;887f2f;887f13;
(A);;88e77e;12;49c33;
(A);;88c00c;13;49c33;
(S);;88d260;1216;
v_hee_NbPclGSM;0;;88d266;
NbPclDCS;576;;88d288;
NbDlPdchBlock;1184;;49c5b;
(T);t_hee_MultiImsi;880878;8807f5;
(A);;88c0d1;60;49c33;
(T);t_hee_SettingsBitFields5;88b39c;88b306;
(A);;882381;8;49c33;
(A);;88fdb5;4;49c78;
(T);t_hee_ClkDelta;88bb38;88bac5;
(S);;88c112;10336;
s_hee_SettingsBitFields;0;;88aabe;
s_hee_SettingsBitFields1;32;;88ad57;
s_hee_SettingsBitFields2;64;;88affb;
s_hee_SettingsBitFields3;96;;88b1c9;
s_hee_SettingsBitFields4;128;;88b2e5;
s_hee_SettingsBitFields5;160;;88b39c;
s_hee_QuickSettingsBitFields;192;;88b5bc;
s_hee_AccesoriesBitFields;224;;88b749;
s_hee_DriverBitFields;256;;88b7da;
v_hee_TotalIcomTimerL1;288;;49c5b;
v_hee_TotalIcomTimerL2;320;;49c5b;
v_hee_TotalOutgTimerL1;352;;49c5b;
v_hee_TotalOutgTimerL2;384;;49c5b;
v_hee_TotalCallTimerL1;416;;49c5b;
v_hee_TotalCallTimerL2;448;;49c5b;
v_hee_LastCallTimeL1;480;;49c5b;
v_hee_LastCallTimeL2;512;;49c5b;
v_hee_LastCallCostL1;544;;49c5b;
v_hee_LastCallCostL2;576;;49c5b;
v_hee_EuroConversionCurrency;608;;49c5b;
v_hee_SecureClock_S1;640;;49c5b;
v_hee_SecureClock_S2;672;;49c5b;
v_hee_SecureClkCorruptCnt;704;;49c5b;
v_hee_Clock_Save;736;;88baab;
v_hee_ClkDelta_Save;800;;88bb38;
s_hee_CBMIR;864;;88b95e;
s_hee_CBMI;1024;;88b926;
v_hee_CBMILC;1280;;49c3d;
v_hee_CBMILC_PAD;1296;;49c3d;
s_hee_Msisdn;1312;;88bbc8;
s_hee_Mboxn;2208;;88bc56;
s_hee_CcpE;3104;;88bf70;
s_hee_ExtE;4064;;88c091;
a_hee_Smsp;4896;;88c4d0;
s_hee_Smscb;5344;;88b8ee;
a_hee_FilterSMSCB;5376;;88c501;
s_hee_Accessories;6912;;88be48;
v_hee_CugCurrentIndex;7200;;49c3d;
a_hee_CugIndex;7216;;88c55f;
v_hee_MCC;7536;;49c3d;
v_hee_MNC;7552;;49c3d;
v_hee_District;7568;;49c3d;
v_hee_CFU;7584;;49c3d;
v_hee_VMWI;7600;;49c3d;
v_hee_MaxCountEscalatingTimer;7616;;49c3d;
v_hee_ConcatMsgReference;7632;;49c3d;
v_hee_FirstDayOfWeek;7648;;49c33;
v_hee_FirstWeekOfYear;7656;;49c33;
v_hee_ValidityPeriodeUnit;7664;;49c33;
v_hee_ValidityPeriodeValue;7672;;49c33;
v_hee_QuickSettingsIndex;7680;;49c33;
v_hee_CugNbOfIndex;7688;;49c33;
a_hee_Signature;7696;;88c707;
v_hee_SmartTimeOutValue;8280;;49c33;
a_hee_IMSI;8288;;88c74b;
v_hee_MessageReference;8352;;49c33;
v_hee_ImsiLength;8360;;49c33;
v_hee_DefaultLanguage;8368;;49c33;
a_hee_VoiceMailNb;8376;;88c7c6;
v_hee_CRTP_SleepMode;8568;;49c33;
v_hee_MaxMcPerMi;8576;;49c33;
v_hee_DefaultPollingSTK;8584;;49c33;
v_hee_CFU_VMI;8592;;49c33;
v_hee_TimeZone;8600;;49c33;
v_hee_DST;8608;;49c33;
v_hee_Equalizer;8616;;49c33;
a_hee_WelcomeMessage;8624;;88c8a7;
a_hee_GoodbyeMessage;8808;;88c8ce;
a_hee_Eotd_MLC_source;8992;;88c8f5;
a_hee_Eotd_MLC_destination;9168;;88c91f;
v_hee_CountEscalatingTimer;9344;;49c33;
v_hee_BackupBatChargeCounter;9352;;49c33;
v_hee_uart1_tx_setting;9360;;49c33;
v_hee_dummy1;9368;;49c33;
s_hee_nitz_information;9376;;88c0f3;
a_hee_AlarmTime;9888;;88c9f1;
a_hee_Alarm2Time;9936;;88ca15;
a_hee_AlarmDate;9984;;88ca3a;
a_hee_Alarm2Date;10104;;88ca5e;
v_hee_USBProfileConfig;10224;;49c33;
dummy;10232;;88caa4;
v_hee_USBActiveProfile;10272;;49c5b;
s_hee_UartDataFormat;10304;;88b85e;
(S);;888327;2240;
v_sectionHeader;0;;217824;
s_hee_Production;64;;888310;
(T);s_hee_GprsStackParam;884fe8;884fcb;
(T);t_hee_SAV_Section;88e1c1;88e157;
(A);;886487;1;49c33;
(T);t_hee_GprsAppliParam;8852c9;885286;
(A);;888211;8;49c33;
(T);t_hee_LED_sparktime;886ee8;886ebb;
(A);;4f8a1;8;49c92;
(T);t_hee_SmspRecord;88b9fd;88b972;
(T);t_hee_HotKeyParam;88e7f8;88e71e;
(T);s_hee_BatParam;88ffa7;88ff8d;
(S);;88cdfd;32;
v_hee_day;0;;49c33;
v_hee_month;8;;49c33;
v_hee_year;16;;49c3d;
(A);;ec341;4;9adb7;
(S);;88bc6a;96;
v_hee_Id;0;;49c3d;
a_hee_Names;16;;88bc81;
(A);;8809a0;3;49c33;
(T);t_hee_Mboxn;88bc56;88bbdd;
(S);;88b01c;32;
v_hee_SettingsBitFields3_FILLWORDS3;24;32;X8;
v_hee_SettingsBitFields3_FILLWORDS2;16;32;X8;
v_hee_SettingsDCSState;15;32;X1;
v_hee_SettingsEGSMState;14;32;X1;
v_hee_SettingsGSMState;13;32;X1;
v_hee_SettingsGSM850State;12;32;X1;
v_hee_SettingsPCS1900State;11;32;X1;
v_hee_NOISEVOID_switch;10;32;X1;
v_hee_LIFEVIBESVOICECLARITY_switch;9;32;X1;
v_hee_Eotd_activation;8;32;X1;
v_hee_Eotd_rate;0;32;X8;
(A);;6a77c;5;6a675;
(S);;88ce4d;224;
v_hee_SavArriveDate;0;;88ce3f;
v_hee_AnomalyCustomer;32;;88ce6d;
v_hee_SavRow;64;;49c33;
v_GAP_SavReturn;72;;88ceac;
v_hee_CollectCenter;80;;49c3d;
v_hee_SavDepartDate;96;;88ce3f;
v_hee_RealAnomaly;128;;88cf07;
v_hee_ChangedComponent_1;160;;88cf2c;
v_hee_ChangedComponent_2;176;;88cf58;
v_hee_ChangedComponent_3;192;;88cf84;
v_hee_ChangedComponent_4;208;;88cfb0;
(A);;88e15c;2;49c33;
(A);;4fba6;10;49c92;
(T);t_hee_GprsAppli;88526e;885171;
(A);;88d019;8;49c33;
(T);t_hee_12NC_Number;88e13d;88e0c7;
(T);t_hwlaud_RxFirFilter;503d3;503a4;
(S);;887d30;2752;
s_hee_GsmStackSectionHeader;0;;217824;
v_hee_plmn;64;;88781c;
v_hee_baBitMap;96;;887901;
s_hee_MsPowerInf;672;;887796;
v_hee_PlmnBandIndList;704;;8879f8;
v_hee_EquivalentPlmnList;1536;;88785a;
s_hee_A5CipheringAlgoSupport;1728;;887b28;
s_hee_GEAAlgoSupport;1760;;887c66;
s_hee_EnabledRAT;1792;;887cbd;
v_hee_EmCallEcPlmnList;1824;;8878a4;
v_hee_UMAConfig;2144;;887d18;
v_hee_vp_CGATCSREJMode;2176;;49c33;
v_GAP4;2184;;887e8c;
a_hee_last_nbr_cells;2208;;887ea7;
v_hee_Sim900_Status;2736;;49c33;
v_hee_Numof_Neighborcells;2744;;49c33;
(S);;887c83;32;
v_hee_EnabledRAT;0;;49c33;
v_GAP2;8;;887ca2;
(A);;88fd55;4;88fd49;
(A);;886e85;43;886e3d;
(T);t_hee_Accessories;88be48;88bcbb;
(S);;88635d;288;
s_hee_DataBitFields;0;;8856dd;
s_hee_DataBitFields2;32;;885b82;
s_hee_DataBitFields3;64;;885d71;
s_hee_DataBitFields4;128;;885ed9;
v_CrlpVer;192;;49c33;
v_CrlpT4;200;;49c33;
v_CrlpIws;208;;49c33;
v_CrlpMws;216;;49c33;
v_CrlpT1;224;;49c33;
v_CrlpN2;232;;49c33;
v_CauseSelect;240;;49c33;
v_Cause;248;;49c33;
a_atp_Storage;256;;886468;
v_GAP_CurrentRegisters;280;;886487;
(A);;4ff36;6;49c92;
(A);;88d7f7;65;49c33;
(A);;88d37f;6;49c33;
(S);;88e0c7;128;
v_hee_12Nc_Tranceiver;0;;88e0cc;
v_hee_CC_Location;48;;88e0f5;
v_hee_SpareL79;64;;88e11a;
(T);s_hee_BtFactoryParam;88d62d;88d611;
(T);t_hwlaud_Antipopup;50019;4fffe;
(A);;ebff7;4;9adb7;
(A);;88df54;6;49c33;
(T);t_atp_EepSmsCurrentSettings;886908;8868ca;
(A);;88811a;2;49c33;
(S);;88b3bd;32;
v_RFU1;24;32;X8;
v_RFU2;19;32;X5;
v_hee_DefaultServiceCenter;18;32;X1;
v_hee_AlarmStatusOld;17;32;X1;
v_hee_VibratorOld;16;32;X1;
v_hee_RingVolumeOld;13;32;X3;
v_hee_KeyPadLockOld;10;32;X3;
v_hee_KeyToneAlertOld;9;32;X1;
v_hee_OrganizerAlertOld;8;32;X1;
v_hee_BatteryLowAlertOld;7;32;X1;
v_hee_NewMessageAlertOld;6;32;X1;
v_hee_BacklightOld;4;32;X2;
v_hee_ZoomOld;3;32;X1;
v_hee_AnyKeyAnswerOld;2;32;X1;
v_hee_CommunicationOld;1;32;X1;
v_hee_AnimationOld;0;32;X1;
(A);;88a6ef;12;49c33;
(T);t_hee_HotKeysBitfield;88e69e;88e651;
(A);;ec227;4;ebcda;
(T);t_hwlaud_SelEsY;504c4;504b8;
(S);;8893d1;160;
v_RFU3;24;32;X8;
v_hee_QoSMeanRequested;16;32;X8;
v_RFU2;15;32;X1;
v_hee_QoSPeakRequested;11;32;X4;
v_hee_QoSReliabilityRequested;8;32;X3;
v_hee_2PDPManagement;7;32;X1;
v_hee_QoSDelayRequested;4;32;X3;
v_hee_QoSPeakMin;0;32;X4;
v_hee_QosTrafficClass;29;32;X3;
v_hee_QosDeliveryOrder;27;32;X2;
v_hee_QosDeliveryErrSDU;24;32;X3;
v_hee_QosMaxSDUSize;16;32;X8;
v_hee_QosMaxULBitRate;8;32;X8;
v_hee_QosMaxDLBitRate;0;32;X8;
v_hee_QosResidualBER;28;32;X4;
v_hee_QosSDUErrorRatio;24;32;X4;
v_hee_QosTransferDelay;18;32;X6;
v_hee_QosTrafficHandling;16;32;X2;
v_hee_QosGuaranteedULBitRate;8;32;X8;
v_hee_QosGuaranteedDLBitRate;0;32;X8;
v_hee_QosMinTrafficClass;29;32;X3;
v_hee_QosMinDeliveryOrder;27;32;X2;
v_hee_QosMinDeliveryErrSDU;24;32;X3;
v_hee_QosMinMaxSDUSize;16;32;X8;
v_hee_QosMinMaxULBitRate;8;32;X8;
v_hee_QosMinMaxDLBitRate;0;32;X8;
v_hee_QosMinResidualBER;28;32;X4;
v_hee_QosMinSDUErrorRatio;24;32;X4;
v_hee_QosMinTransferDelay;18;32;X6;
v_hee_QosMinTrafficHandling;16;32;X2;
v_hee_QosMinGuaranteedULBitRate;8;32;X8;
v_hee_QosMinGuaranteedDLBitRate;0;32;X8;
(A);;880828;4;8807e0;
(A);;ec15f;4;9ae2c;
(A);;88d719;16;49c33;
(A);;8808b6;8;49c33;
(S);;88d5cf;4384;
s_hee_BtFactorySectionHeader;0;;217824;
s_hee_Factory;64;;88d5bb;
(B);;49c83;8;S;
(A);;88d834;1;49c33;
(T);stBblRfNvramTxTimingsParam;ebe93;ebe66;
(A);;88e11a;8;49c33;
(A);;ec1d3;16;9adf3;
(T);t_hee_FmSettingParam;884b31;884aef;
(A);;88e675;2;49c33;
(S);;886636;192;
a_Year;0;;88663b;
a_Month;24;;886653;
a_Day;48;;88666c;
a_Hour;72;;886683;
a_Minute;96;;88669b;
a_Second;120;;8866b5;
a_TimeZone;144;;8866cf;
a_DiffSign;168;;8866eb;
v_Gap_AsoluteTime;184;;886707;
(T);t_hee_AddrParam;884739;8846e9;
(A);;887324;4;49c33;
(A);;8875ab;1536;49c33;
(S);;51299;32;
v_CodecDnControl;0;;49c92;
v_CodecDnGain;16;;49c92;
(T);t_Band;88da06;88d9ee;
(A);;888098;2;49c33;
(T);t_hee_Factory;88d5bb;88d4e7;
(T);s_hee_SPCENSection;88cd61;88cd48;
(A);;4fafd;10;49c92;
(S);;886ebb;32;
a_on_time;0;;49c3d;
a_off_time;16;;49c3d;
(T);t_OperationType;4971d;49c3d;
(T);t_hee_GEAAlgoSupport;887c66;887b4d;
(A);;88cf58;2;49c33;
(A);;2180e9;3;49c33;
(A);;887833;6;88781c;
(B);;9ae23;16;S;
(T);t_hee_CmuxSettings;886ad5;886a1e;
(T);t_hee_CodeStruct;880780;880711;
(T);t_hee_Trace;88870d;888625;
(T);t_hee_SaveTCTList;88855b;8884ac;
(A);;ec13d;4;9ae2c;
(S);;889233;32;
v_hee_QoSPrecedenceRequested;30;32;X2;
v_hee_QoSMeanMin;22;32;X8;
v_hee_QoSReliabilityMin;19;32;X3;
v_hee_QoSDelayMin;16;32;X3;
v_hee_QoSPrecedenceMin;14;32;X2;
v_hee_GapFeaturesGPRS1_0;9;32;X5;
v_hee_CounterType;7;32;X2;
v_hee_PDPActivation;5;32;X2;
v_hee_GPRSAttach;4;32;X1;
v_hee_IncomingSpeechCallWhileCSDCall;3;32;X1;
v_hee_OperationMode;0;32;X3;
(A);;88d6f6;65;49c33;
(T);s_hee_KbdParam;88e5bd;88e5a6;
(T);st_bbl_nvram_clkArfcn;ed6fc;ed6a8;
(T);t_hee_MelodyParam;88e444;88e406;
(T);t_hee_DataBitFields4;885ed9;885d8e;
(A);;ec01b;4;9adb7;
(T);t_hee_EepromBaseBand;88db44;88da67;
(T);t_hee_SimLocked;880a38;880890;
(S);;88bcbb;288;
v_Aud_Reco_Thr1;0;;49c5b;
v_Aud_Reco_Thr2;32;;49c5b;
v_Aud_Reco_Thr3;64;;49c5b;
v_Aud_Reco_Thr4;96;;49c5b;
v_Aud_Reco_Thr5;128;;49c5b;
v_Aud_Reco_Thr6;160;;49c5b;
v_Rec2L_Thr;192;;49c33;
v_Rec2H_Thr;200;;49c33;
v_MicBias_Aux_Idle;208;;49c33;
v_MicBias_Sampling;216;;49c33;
v_Rec_Logic;224;;49c33;
v_Rec_Swap;232;;49c33;
FillByte1;240;;49c33;
FillByte2;248;;49c33;
v_Hookswitch_Threshold;256;;49c3d;
v_VCM_Enable_Threshold;272;;49c3d;
(S);;50c40;2400;
v_ConfigUpControl;0;;49c92;
v_CodecUpControl;16;;49c92;
v_CodecUpGain;32;;49c92;
v_PcmControl;48;;49c92;
v_UlGain;64;;49c92;
v_UlTau;80;;49c92;
v_AuUlFacGain;96;;49c92;
a_TxFilter;112;;50425;
a_TxIirfilter;624;;5044b;
v_AuUlPgaThreshold;944;;49c92;
v_AuUlPgaBoostRate;960;;49c92;
v_AuUlDigPgaAtten;976;;49c92;
v_AuUlDigPgaBoost;992;;49c92;
v_ecL;1008;;49c92;
v_ecP;1024;;49c92;
v_ecDelta;1040;;49c92;
v_ecDeltaLSW;1056;;49c92;
v_ecMu0;1072;;49c92;
v_ecMu1;1088;;49c92;
v_ecMu2;1104;;49c92;
v_ecMu3;1120;;49c92;
v_ecFE_SpeechDelay;1136;;49c92;
v_ecTauAr;1152;;49c92;
v_ecTauAd;1168;;49c92;
v_ecL0;1184;;49c92;
v_ecTauCr;1200;;49c92;
v_ecTauBr;1216;;49c92;
v_ecTauBd;1232;;49c92;
v_ecL_FarEnd;1248;;49c92;
v_ecL_Residual1;1264;;49c92;
v_ecL_Residual2;1280;;49c92;
v_ecL_Env1;1296;;49c92;
v_ecL_Env2;1312;;49c92;
v_ecL_Env3;1328;;49c92;
v_ecL_Env4;1344;;49c92;
v_ecL_Env5;1360;;49c92;
v_ecL_Cfe1;1376;;49c92;
v_ecL_Cfe2;1392;;49c92;
v_ecHoldoff;1408;;49c92;
v_ecCfeTau1;1424;;49c92;
v_ecCfeTau2;1440;;49c92;
v_ecCfe_L0;1456;;49c92;
v_ecCfe_L1;1472;;49c92;
v_ecEnv_Tau1;1488;;49c92;
v_ecEnv_Tau2;1504;;49c92;
v_ecEnv_Tau3;1520;;49c92;
v_ecEnv_Tau4;1536;;49c92;
v_ecenv_PeakL1;1552;;49c92;
v_ecEnv_PeakL2;1568;;49c92;
v_ecNFGamma1;1584;;49c92;
v_ecNFGamma2;1600;;49c92;
v_ecNFp;1616;;49c92;
v_ecEnergyThrMsb;1632;;49c92;
v_ecEnergyThrLsb;1648;;49c92;
v_esUL_Gmin;1664;;49c92;
v_esUL_TauR;1680;;49c92;
v_esUL_TauD;1696;;49c92;
v_esDL_Gmin;1712;;49c92;
v_esDL_TauR;1728;;49c92;
v_esDL_TauD;1744;;49c92;
v_nsAlpha;1760;;49c92;
v_nsLn;1776;;49c92;
v_nsK;1792;;49c92;
v_nsTauR;1808;;49c92;
v_nsTauD;1824;;49c92;
v_nsLamda;1840;;49c92;
v_nsTauF;1856;;49c92;
a_SelEsX;1872;;504a0;
a_SelEsY;1936;;504c4;
s_DynNG;2000;;506cb;
s_Dses;2240;;50546;
s_EcIcc;2320;;50721;
v_UlHarmonizerAlpha;2368;;49c3d;
v_LowVoiceBoosterGain;2384;;49c3d;
(S);;8856f8;32;
v_CVHUMode;30;32;X2;
v_Echo;29;32;X1;
v_SuppressResult;28;32;X1;
v_Verbose;27;32;X1;
v_ExtendedResultCode;24;32;X3;
v_DSRcontrol;23;32;X1;
v_RTScontrol;22;32;X1;
v_DTRBehaviour;20;32;X2;
v_PSCallConnectDisconnect;19;32;X1;
v_PSAlternateLineService;17;32;X2;
v_PSVoiceMsgWaiting;16;32;X1;
v_PSDivCallIndNotification;15;32;X1;
v_PSServiceAvailability;14;32;X1;
v_DcdControl;13;32;X1;
v_FlowControlDCEbyDTE;11;32;X2;
v_FlowControlDTEbyDCE;9;32;X2;
v_FlowControl;6;32;X3;
v_Fclass;5;32;X1;
v_Dummyu32;0;32;X5;
(A);;8866cf;3;88629b;
(T);t_hee_WapEncryptedDataParam;8853c4;885391;
(T);t_hee_Features;888e1b;888a5e;
(T);s_hee_SavParam;88d478;88d461;
(S);;88d1b5;128;
v_hee_NbDecPagingBurst1;0;;49c5b;
v_hee_NbDecPagingBurst2;32;;49c5b;
v_hee_NbDecPagingBurst3;64;;49c5b;
v_hee_NbDecPagingBurst4;96;;49c5b;
(S);;88b972;224;
v_ParamIndicators;0;;49c33;
a_DestAdd;8;;88b992;
a_ServCentAdd;104;;88b9af;
v_PID;200;;49c33;
v_DCS;208;;49c33;
v_VP;216;;49c33;
(T);t_ProcessName;49706;49c33;
(T);t_hee_IpStackParam;8849bf;8847e9;
(S);;ebe0c;32;
txFreqOffset;0;;9adf3;
txFreqBiasPclMask;16;;9adf3;
(T);t_hee_PN_Number;88e0b0;88df93;
(T);t_hee_CBMI;88b926;88b902;
(S);;88bac5;64;
v_hee_Counter;0;;49c5b;
v_hee_Sign;32;;49c33;
v_hee_dummy1;40;;49c33;
v_hee_dummy2;48;;49c33;
v_hee_dummy3;56;;49c33;
(A);;ec1aa;16;9adb7;
(A);;88cf2c;2;49c33;
(S);;88d2dd;2304;
s_hee_SavSectionHeader;0;;217824;
v_hee_ReturnNumber;64;;49c33;
v_GAP_SavParam;72;;88d31f;
v_hee_Return_1;96;;88cfdd;
v_hee_Return_2;320;;88cfdd;
v_hee_IMEI;544;;88d061;
v_hee_12NC;736;;88d37f;
v_hee_UnpackingFlag;784;;49c33;
v_hee_BadCharger;792;;49c33;
s_hee_Repair;800;;88d0f1;
s_hee_downloading;864;;88d19c;
v_hee_Empty;928;;88d401;
s_SavL1cNbDecPagingBurst;960;;88d23f;
s_SavL1cNbPclTxCounters;1088;;88d2bd;
(A);;6a79b;7;6a641;
(S);;88d9ee;32;
s_hwlgpm;0;;2180bc;
(S);;88b76b;32;
v_RFU4;24;32;X8;
v_RFU3;16;32;X8;
v_RFU2;8;32;X8;
v_RFU1;1;32;X7;
v_hee_ClockReset;0;32;X1;
(S);;51335;688;
v_RxFilter;0;;503d3;
a_RxIirFilter;528;;503fc;
(A);;88d544;3;49c33;
(A);;8869d9;3;49c33;
(A);;88c06f;13;49c33;
(T);t_Generic;88da2b;88da13;
(A);;503f0;10;49c92;
(S);;6a65a;2400;
s_DspTxCfg;0;;5127f;
(A);;88e32b;50;49c3d;
(U);;8867db;192;
s_RelTime;0;;8867c0;
s_AbsTime;0;;88672d;
(A);;ec407;12;9ae2c;
(T);t_hee_SettingParam;88cb53;88cb13;
(A);;ec087;7;9adf3;
(A);;50419;32;49c92;
(T);t_hee_Setting;88cafd;88c112;
(A);;88cd06;18;49c33;
(A);;ec44b;5;9ae2c;
(B);;49c9e;16;S;
(A);;4f943;6;49c92;
(A);;884d56;4;49c3d;
(B);;9adc5;8;U;
(A);;88be88;15;49c33;
(B);;9ae02;16;U;
(T);s32;49ca7;49cb3;
(A);;88bc81;10;49c33;
(S);;88f505;1216;
s_hee_AdcDataSectionHeader;0;;217824;
v_hee_BatteryVoltageCoefAuxadc;64;;49c5b;
v_hee_BatteryVoltageOffsetAuxadc;96;;49ca7;
v_hee_BatteryVoltageCoefGpadc;128;;49c5b;
v_hee_BatteryVoltageOffsetGpadc;160;;49ca7;
v_hee_TempGain;192;;49c5b;
v_hee_TempCoef1;224;;49ca7;
v_hee_TempCoef2;256;;49ca7;
v_hee_TempCoef3;288;;49ca7;
v_hee_TempConstant1;320;;49ca7;
v_hee_TempConstant2;352;;49ca7;
v_hee_TempConstant3;384;;49ca7;
v_hee_TemperatureLsbHigh;416;;49c5b;
v_hee_TemperatureLsbLow;448;;49c5b;
v_hee_ChargeCurrentCoef;480;;49c5b;
v_hee_ChargeCurrentOffset;512;;49ca7;
v_hee_AudioCoef;544;;49c5b;
v_hee_AudioOffset;576;;49ca7;
v_hee_TempOffset;608;;49ca7;
v_hee_TempCalProd;640;;49c5b;
v_hee_TempOffsetTemp;672;;49ca7;
v_hee_TempGainTemp;704;;49ca7;
v_hee_ADC2_TempGain;736;;49c5b;
v_hee_ADC2_TempOffset;768;;49ca7;
v_hee_ADC2_TempCoef1;800;;49ca7;
v_hee_ADC2_TempCoef2;832;;49ca7;
v_hee_ADC2_TempCoef3;864;;49ca7;
v_hee_ADC2_TempConstant1;896;;49ca7;
v_hee_ADC2_TempConstant2;928;;49ca7;
v_hee_ADC2_TempConstant3;960;;49ca7;
v_hee_ADC2_TemperatureLsbHigh;992;;49c5b;
v_hee_ADC2_TemperatureLsbLow;1024;;49c5b;
v_hee_TempImpedance1;1056;;49c5b;
v_hee_TempImpedance2;1088;;49c5b;
v_hee_TempGradDuetoPcb;1120;;49c5b;
v_hee_VAna;1152;;49c5b;
v_hee_RAna;1184;;49c5b;
(S);;ebbe3;32;
rssiGainFctOfTemp;0;;ebbe8;
rssiThresholdTemp;16;;ebc0d;
(A);;88d31f;3;49c33;
(A);;88863f;5;88855b;
(T);t_keyTable;88e551;88e4f5;
(S);;88da67;39424;
s_hee_RadioSectionHeader;0;;217824;
s_bbl_nvram_rf;64;;ec4c2;
s_bbl_nvram_dsp;8544;;ec53d;
s_bbl_nvram_clkArfcn;10992;;ed6fc;
s_Generic;19232;;88da2b;
s_Gsm900;19264;;88da06;
s_Gsm850;19296;;88da06;
s_Dcs1800;19328;;88da06;
s_Pcs1900;19360;;88da06;
s_Xtal;19392;;88da59;
(A);;ec18d;4;ec181;
(A);;88dc4a;6;49c33;
(T);Sint8;9add6;9ade4;
(A);;504b8;4;49c3d;
(A);;88be67;15;49c33;
(T);st_bbl_nvram_rf;ec4c2;ebf8c;
(T);t_hee_QuickSettingsBitFields;88b5bc;88b3bd;
(T);stBblRfNvramRssiParam;ebbc6;ebb74;
(A);;ec429;6;9ae2c;
(T);t_hwlgpm_Generic;218103;2180d0;
(S);;88787a;320;
v_hee_EmCallEcPlmn;0;;88787f;
(A);;88bea9;15;49c33;
(T);t_hee_EnabledRAT;887cbd;887c83;
(A);;217fec;1251;49c92;
(S);;88e71e;672;
s_hee_HotKeysSectionHeader;0;;217824;
s_hee_HotKeysBitfield;64;;88e69e;
s_hee_UCS2Bitfield;96;;88e703;
a_hee_HotKeysTable;128;;88e77e;
a_hee_HotKeysIMSINumber;224;;88e7a4;
a_hee_QuickDialTable;288;;88e7cf;
(T);t_hee_SpeechParam;88cc31;88cc08;
(A);;888056;12;49c33;
(T);u8;49c33;49c22;
(A);;88e589;23;88e551;
(T);s_hee_SetupParam;88a803;88a7ea;
(A);;4f865;7;49c92;
(A);;888077;2;49c33;
(T);t_hee_SetupParam;88a7ea;88a7af;
(A);;88b93e;10;49c3d;
(T);st_SavRepair;88d0f1;88d073;
(A);;4fb57;10;49c92;
(A);;88ff17;2;49c33;
(S);;88d7f1;8288;
a_hee_Nickname;0;;88d7f7;
v_hee_SapPinAsked;520;;49c33;
v_GAP_stg;528;;88d834;
v_hee_HidRole;536;;49c33;
a_hee_DeviceInformation;544;;88d868;
v_hee_ProfileList;8224;;49c5b;
v_hee_AccessoryBufferDelay;8256;;49c5b;
(A);;ec2af;4;ebe93;
(A);;88e19e;13;49c33;
(A);;88c7c6;24;49c33;
(S);;88d8eb;8352;
s_hee_BtSettingsSectionHeader;0;;217824;
s_hee_Setting;64;;88d8d3;
(S);;8876ac;32;
v_hee_ClassGsmP;28;32;X4;
v_hee_ClassGsmE;24;32;X4;
v_hee_ClassGsm1800;20;32;X4;
v_hee_ClassGsm1900;16;32;X4;
v_hee_ClassGsm450;12;32;X4;
v_hee_ClassGsm480;8;32;X4;
v_hee_ClassGsm850;4;32;X4;
NotUsed;0;32;X4;
(A);;ec2cb;5;9adf3;
(A);;ebd09;2;9adf3;
(A);;887c4c;3;49c33;
(T);t_hee_Emergency_number;886e63;886e38;
(T);t_hee_DateTime;886b6e;886af0;
(A);;884e7a;9;49c33;
(S);;880890;4544;
s_hee_SimSectionHeader;0;;217824;
a_UnbckImsi;64;;8808b6;
s_NckCode;128;;880780;
s_NsckCode;224;;880780;
s_SpckCode;320;;880780;
s_CckCode;416;;880780;
s_PckCode;512;;880780;
v_UnbckAttempt;608;;49c33;
v_Gid1Presence;616;;49c33;
v_Gid2Presence;624;;49c33;
v_AutoLock;632;;49c33;
v_OperatorFile;640;;49c33;
v_GAP1;648;;8809a0;
a_MultiImsi;672;;8809ba;
v_AesPadding1;4512;;49c33;
v_AesPadding2;4520;;49c33;
v_AesPadding3;4528;;49c33;
v_AesPadding4;4536;;49c33;
(A);;8866eb;2;88629b;
(T);st_SavDownloading;88d19c;88d105;
(A);;884f52;2;49c33;
(T);s_hee_SimLocked;880a50;880a38;
(S);;503a4;528;
v_FilterTapNb;0;;49c92;
a_RxFilter;16;;5038a;
(S);;2180d0;32;
v_RefOnReg;0;;49c33;
dummy;8;;2180e9;
(T);t_hee_GprsStack;884f70;884e05;
(T);t_hwlaud_RxIirFilter;503fc;503f0;
(T);t_hee_KbdParam;88e5a6;88e563;
(T);t_hee_SaveTCTAppl;88860c;888574;
(A);;88d173;1;49c33;
(A);;888233;8;49c33;
(B);;88c6ff;8;U;
(T);t_hee_atp_PDPContext;886279;885ef6;
(S);;886587;96;
s_hee_DataBitFields1;0;;885922;
v_S0;32;;49c33;
v_S1;40;;49c33;
v_S3;48;;49c33;
v_S4;56;;49c33;
v_S5;64;;49c33;
v_S7;72;;49c33;
v_S8;80;;49c33;
v_S10;88;;49c33;
(A);;88bfeb;13;49c33;
(T);t_hau_UserRxOrgan;6a712;6a6e0;
(A);;88c55f;20;49c3d;
(A);;88c04e;13;49c33;
(A);;4fb29;10;49c92;
(S);;88d105;64;
v_hee_Center;0;;49c3d;
v_hee_Day;16;;49c33;
v_hee_Month;24;;49c33;
v_hee_Year;32;;49c3d;
v_hee_Counter;48;;49c33;
v_GAP_SavDownloading;56;;88d173;
(S);;8877ad;32;
v_hee_PlmnMcc1;24;32;X8;
v_hee_PlmnMcc2;16;32;X8;
v_hee_PlmnMnc;8;32;X8;
v_hee_Dummy1;0;32;X8;
(A);;884971;3;49c33;
(A);;886994;3;886279;
(A);;8879dd;3;49c33;
(A);;886009;1;49c33;
(T);t_hee_FilterSMSCB;88bca1;88bc6a;
(A);;ec50a;82;9adf3;
(A);;4feee;6;49c92;
(T);s16;49c92;49c9e;
(A);;88fd49;4;49c78;
(S);;88508b;32;
v_RFU4;24;32;X8;
v_RFU3;16;32;X8;
v_RFU2;8;32;X8;
v_RFU1;5;32;X3;
v_hee_GPRSActivated;4;32;X1;
v_hee_GPRS_IncomCall;3;32;X1;
v_hee_GPRS_SMS;1;32;X2;
v_hee_GPRSAttach;0;32;X1;
(S);;88692c;320;
a_atp_ScAddress;0;;886931;
s_atp_CSMPCmd;96;;8868a0;
(T);s_hee_SectionIndex;8901d3;8901cd;
(S);;887917;640;
v_hee_Plmn;0;;88791c;
(A);;5037e;32;49c92;
(A);;ec3e5;1;9ae2c;
(A);;886e45;4;886e3d;
(A);;8809ba;12;880878;
(A);;88e375;13;49c33;
(B);;49c22;8;U;
(T);t_hwlaud_TxFilter;50425;50419;
(T);t_hee_MTX_oam_Section;88de24;88dcaf;
(A);;88bc37;28;49c33;
(S);;5055c;240;
v_attenRise_DlVD;0;;49c3d;
v_attenFall_DlVD;16;;49c3d;
v_minGain_DlVD;32;;49c3d;
v_vadOffset_DlVD;48;;49c3d;
v_attenRise_DlVND;64;;49c3d;
v_attenFall_DlVND;80;;49c3d;
v_minGain_DlVND;96;;49c3d;
v_vadOffset_DlVND;112;;49c3d;
v_fastTauRise;128;;49c3d;
v_fastTauFall;144;;49c3d;
v_slowTauRise;160;;49c3d;
v_slowTauFall;176;;49c3d;
v_vadSoftRelease;192;;49c3d;
v_NFgamma1;208;;49c3d;
v_NFp;224;;49c3d;
(T);t_atp_EepromProfile;88661a;886587;
(S);;88bb4f;896;
a_hee_L1;0;;88bb54;
a_hee_L2;224;;88bb70;
a_hee_fax;448;;88bb8c;
a_hee_data;672;;88bba9;
(T);s8;49c78;49c83;
(S);;8822f5;320;
s_hee_ImeiSectionHeader;0;;217824;
v_hee_Tac;64;;88231b;
v_hee_Fac;88;;49c33;
v_hee_Snr;96;;88234a;
v_hee_CheckDigit;120;;49c33;
v_hee_Dummy;128;;882381;
v_hee_CryptedIMEI;192;;8823a0;
(A);;886799;20;49c33;
(T);t_hee_CharBatParam;88ff8d;88fa3d;
(A);;88ca15;6;49c33;
(T);t_hee_VirginSpecialSection;8875dc;886f03;
(T);t_hwlgpm_Band;2180bc;21809e;
(S);;88b939;160;
a_hee_CBMIR;0;;88b93e;
(T);u32;49c5b;49c67;
(T);t_hwlaud_RxFilter;5038a;5037e;
(A);;88791c;20;88781c;
(B);;49c67;32;U;
(A);;887e8c;3;49c33;
(T);t_hee_PlmnBandIndList;8879f8;887995;
(T);st_SavReturn;88cfdd;88ce4d;
(A);;4f8e9;7;49c92;
(A);;88bf88;13;49c33;
(A);;887ca2;3;49c33;
(A);;88c8f5;22;49c33;
(T);t_hee_UserGprsStack;884ce8;884bf3;
(T);t_hee_WapDataParam;8854c4;88549a;
(T);st_SavL1cNbPclTxCounters;88d2bd;88d260;
(T);t_atp_TimeInfo;886803;8867db;
(S);;884a78;192;
a_hee_PresetList;0;;884a7d;
v_hee_FmLastFreq;160;;49c3d;
v_hee_FmLastSoundLvl;176;;49c3d;
(T);u16;49c3d;49c49;
(A);;4fc3c;10;49c92;
(S);;8868ca;320;
a_atp_ScAddress;0;;8868cf;
s_atp_CSMPCmd;96;;8868a0;
(S);;885b9f;64;
v_Dummy_AOC;3;32;X29;
v_PSXID_Mode;2;32;X1;
v_CTZU_OnOff;1;32;X1;
v_CTZR_OnOff;0;32;X1;
v_PSSTKI_Mode;24;32;X8;
v_AthNoMTDisc;23;32;X1;
v_CNMI_Mode;21;32;X2;
v_CNMI_Mt;19;32;X2;
v_CNMI_Bm;17;32;X2;
v_CNMI_ds;15;32;X2;
v_CNMI_bfr;14;32;X1;
v_SMS_NotifMode;12;32;X2;
v_SR_NotifMode;11;32;X1;
v_TE_MemoryStatus;10;32;X1;
v_PSMEMCAP_Mode;9;32;X1;
v_CPLS_PLMNSelectedList;8;32;X1;
v_CFUNState;4;32;X4;
v_Baudrate;0;32;X4;
(T);Sint16;9ae14;9ae23;
(A);;88fd8f;4;88fd83;
(S);;884f88;608;
s_hee_GprsStackSectionHeader;0;;217824;
s_hee_GprsStack;64;;884f70;
(A);;88d0cd;2;49c33;
(S);;88d4e7;4320;
a_hee_BTAddress;0;;88d4ed;
v_GAP_fty;48;;88d50f;
v_hee_OutputPwr;64;;49c33;
v_GAP_fty2;72;;88d544;
v_hee_Fref;96;;49c5b;
v_hee_Ksel;128;;49c5b;
a_hee_FactorySettingsBGB210;160;;88d58a;
(T);t_hee_Uart_Data_Format;88b85e;88b7f7;
(T);s_hee_HotKeyParam;88e812;88e7f8;
(A);;88beca;15;49c33;
(A);;88813a;3;49c33;
(S);;88e406;2048;
s_hee_MelodySectionHeader;0;;217824;
s_hee_Melody;64;;88e3f3;
(T);t_atp_EepSmsSettingsProfile;88696a;88692c;
(A);;88fc0f;2;49c33;
(T);t_atp_CurrentRegisters;8864b2;88635d;
(S);;8884ac;128;
a_SystemEventList;0;;8884b1;
v_Process;80;;49706;
v_Instance;88;;496eb;
v_AllInstance;96;;49c33;
v_Flags;104;;49c33;
v_MaxInputLength;112;;49c33;
v_MaxOutputLength;120;;49c33;
(A);;4ff12;6;49c92;
(A);;6a7dd;6;51362;
(S);;88e651;32;
s_hee_HotKeysBitfield;0;;49c3d;
v_GAP_HotKeysBitfield;16;;88e675;
(A);;ebbe8;2;9add6;
(A);;887452;10;49c3d;
(A);;88c9f1;6;49c33;
(S);;88fa3d;1792;
s_hee_BatSectionHeader;0;;217824;
v_hee_VoltageMaxToCharge;64;;49c92;
v_hee_TempMinToCharge;80;;49c78;
v_hee_TempMaxToCharge;88;;49c78;
v_hee_TempMinToRestartCharge;96;;49c78;
v_hee_TempMaxToRestartCharge;104;;49c78;
v_hee_VpSelect;112;;49c33;
v_hee_VpSelectInCall;120;;49c33;
v_hee_CMainTimerEndCharge;128;;49c3d;
v_hee_CUSBTimerEndCharge;144;;49c3d;
v_hee_CTLIMVoltageRestart;160;;49c3d;
v_hee_CStopChargeFeature;176;;49c33;
v_hee_CAutoResume;184;;49c33;
v_hee_CResumeVoltageRestart;192;;49c3d;
dummy1;208;;88fc0f;
v_hee_CMainCurrentRateLow;224;;49c33;
v_hee_CMainCurrentRateHigh;232;;49c33;
v_hee_CUSBCurrentRateLow;240;;49c33;
v_hee_CUSBCurrentRateHigh;248;;49c33;
a_hee_MainIntermediateTimeOut;256;;88fcb5;
a_hee_USBIntermediateTimeOut;320;;88fce6;
a_hee_MainChargeLevel;384;;88fd22;
a_hee_MainChargeThesholdType;640;;88fd55;
a_hee_USBChargeLevel;768;;88fd8f;
a_hee_USBChargeThesholdType;1024;;88fdc1;
v_hee_DischargeLevel3;1152;;49c92;
v_hee_DischargeLevel2;1168;;49c92;
v_hee_DischargeLevel1;1184;;49c92;
v_hee_DischargeLevel0;1200;;49c92;
a_hee_DischargeLevelCompensator;1216;;88fe7b;
v_hee_BacklightCompensation;1536;;49c92;
v_hee_TxDropForLowvolt;1552;;49c92;
v_hee_TxDropForSwitchOff;1568;;49c92;
dummy4;1584;;88ff17;
v_hee_VbatSIMUVSwitchOff;1600;;49ca7;
dummy3;1632;;88ff55;
v_hee_VoltageFlat;1760;;49c5b;
(S);;50033;496;
v_AuDeltaIBF;0;;49c92;
v_AuDeltaOBE;16;;49c92;
v_AuNoiseFactor;32;;49c92;
v_AuCalTransient;48;;49c92;
v_AuRxFifoWmark;64;;49c92;
v_AuRxFifoWmarkGprs;80;;49c92;
v_AuTxFifoWmark8k;96;;49c92;
v_AuTxFifoWmark40k;112;;49c92;
v_AuDaiClockRate;128;;49c92;
v_AuCodecSlipMonEnable;144;;49c92;
v_AuCodecSlipSamples;160;;49c92;
v_AuCodecSlipMask;176;;49c92;
v_AuCodecSlipThresh;192;;49c92;
v_AuCodecSlipT2;208;;49c92;
v_AuRampStep;224;;49c92;
v_AuCR_DL_Gain;240;;49c92;
v_AuCR_UL_Gain;256;;49c92;
v_AuCrToneAmplitude;272;;49c92;
v_AuCrToneDuration;288;;49c92;
v_AuCrToneConfig;304;;49c92;
v_AuDspSTLag;320;;49c92;
v_AuDspSTGain;336;;49c92;
v_AuA2dpBitPool;352;;49c92;
v_AuEqualizerDelta;368;;49c92;
v_AuImageFactor;384;;49c92;
v_AuImageGain;400;;49c92;
v_AuAcd_Reserved0;416;;49c92;
v_AuAcd_Reserved1;432;;49c92;
v_AuAcd_Reserved2;448;;49c92;
v_AuAcd_Reserved3;464;;49c92;
v_AuAntiPopBufAct;480;;49c92;
(S);;217fe6;20032;
a_hwlsyn_XtalEstimation;0;;217fec;
v_Temp_Meas_Error;20016;;49c92;
(T);t_hee_SetupLanguages;888a42;8887ad;
(S);;88e6bb;32;
v_hee_UCS2Bitfield;0;;49c3d;
v_GAP_UCS2Bitfield;16;;88e6dc;
(A);;ec4f1;40;9adf3;
(T);stBblRfNvramTdiLite;ebf70;ebf1a;
(T);t_hee_MsPowerInf;887796;8876ac;
(T);t_hee_SPCENSection;88cd48;88cce1;
(T);t_hwlaud_DspTxCfg;5127f;50c40;
(S);;887995;832;
v_hee_PlmnList;0;;887939;
v_hee_BandIndList;640;;88797b;
v_hee_Next;800;;49c33;
v_GAP1;808;;8879dd;
(T);t_atp_RelativeTime;8867c0;886747;
(A);;ec0dd;4;ec0d1;
(S);;885286;288;
s_hee_GprsAppliSectionHeader;0;;217824;
s_hee_GprsAppli;64;;88526e;
(T);t_hee_Production;888310;887fd2;
(T);t_hee_A5CipheringAlgoSupport;887b28;887a16;
(T);t_hwlsyn_Xtal;218034;217fe6;
(A);;ebd31;2;9add6;
(A);;884a7d;10;49c3d;
(T);s_hee_Trace;888721;88870d;
(A);;88602d;64;49c33;
(A);;8880b9;2;49c33;
(A);;888293;100;49c33;
(A);;8878e7;2;49c33;
(A);;887955;20;49c33;
(T);s_hee_DataParam;886d9f;886d87;
(T);t_hee_Smscb;88b8ee;88b87d;
(S);;88de41;128;
v_hee_FA_Test_Status;0;;49c33;
v_hee_FA_Tester_Number;8;;49c33;
v_hee_FA_Module_Number;16;;49c33;
v_hee_FA_Test_Day;24;;49c33;
v_hee_FA_Test_Year;32;;49c3d;
v_hee_FA_Test_Month;48;;49c33;
v_hee_FA_PCB_Number_Test;56;;49c33;
v_hee_FA_Test_Hour;64;;49c33;
v_hee_FA_Test_minute;72;;49c33;
v_hee_SpareL77;80;;88df54;
(A);;886931;12;49c33;
(A);;88fdc1;4;88fdb5;
(T);s_hee_GprsAppliParam;8852e6;8852c9;
(A);;88fd16;4;49c92;
(A);;ec35f;2;ebef8;
(S);;88dc45;96;
v_hee_CodeBarreMtx;0;;88dc4a;
v_hee_SpareL75;48;;88dc6f;
(A);;88bf2d;15;49c33;
(A);;ec118;4;ebc33;
(A);;886683;3;88629b;
(A);;ebb79;8;9add6;
(A);;8885f0;3;49c33;
(S);;88c0a4;512;
v_MccValue;0;;49c3d;
v_MncValue;16;;49c3d;
a_NetworkName;32;;88c0d1;
(A);;88e7cf;12;49c5b;
(S);;88e563;1536;
s_hee_KbdSectionHeader;0;;217824;
v_keyTable;64;;88e589;
(T);t_hee_DataBitFields1;885922;8856f8;
(T);t_hee_CodecPriorityStr;88994a;889865;
(T);t_hee_SectionHeader;217824;2177bb;
(S);;886a1e;64;
v_N1;0;;49c3d;
v_Mode;7;8;X1;
v_Subset;6;8;X1;
v_PortSpeed;3;8;X3;
v_K;0;8;X3;
v_T1;24;;49c33;
v_N2;32;;49c33;
v_T2;40;;49c33;
v_T3;48;;49c33;
v_GAP_1;56;;886ab9;
(A);;887fd8;4;49c33;
(S);;88d073;64;
v_hee_Location;0;;49c3d;
v_hee_Index;16;;49c3d;
v_hee_Year;32;;49c33;
v_hee_Week;40;;49c33;
v_GAP_SavRepair;48;;88d0cd;
(S);;6a72c;46448;
s_Antipopup;0;;50019;
s_DspCommon;4336;;50360;
a_DspRxOrgan;4832;;6a75d;
a_DspTxOrgan;18016;;6a77c;
a_DspRx40KOrgan;30016;;6a79b;
a_UserRxOrgan;41552;;6a7bd;
a_MmiFilter;42320;;6a7dd;
(S);;880711;96;
a_Value;0;;880716;
v_Status;64;;49c33;
v_Location;72;;49c33;
v_Counter;80;;49c33;
v_MaxCounter;88;;49c33;
(S);;884d03;96;
v_hee_Mode;0;;49c33;
v_hee_Number;8;;49c33;
v_dummy1;16;;49c33;
v_dummy2;24;;49c33;
a_hee_Arfcn;32;;884d56;
(A);;ec0f8;4;ebbc6;
(T);t_hee_DeviceInformation;88d7d2;88d6cf;
(A);;ec0ab;7;9adf3;
(A);;ec245;4;ebd5a;
(T);t_hee_SettingsBitFields2;88affb;88ad78;
(A);;ec1df;4;ec1d3;
(A);;88bba9;28;49c33;
(A);;4fc13;10;49c92;
(A);;88d03d;8;49c33;
(A);;4fad5;10;49c92;
(S);;88b902;256;
a_hee_CBMI;0;;88b907;
(A);;88bb8c;28;49c33;
(T);t_hee_Setup;88a79b;88a66b;
(A);;88b9af;12;49c33;
(S);;884d8d;80;
v_hee_Enabled;0;;49c33;
v_hee_CellNumber;8;;49c33;
a_hee_ArfcnList;16;;884dc3;
(A);;8866b5;3;88629b;
(A);;88d266;18;49c5b;
(T);t_hee_SettingsBitFields4;88b2e5;88b1ea;
(T);t_hau_DspTxOrgan;6a675;6a65a;
(A);;88bbe2;28;49c33;
(T);s_hee_WapDataParam;8854dd;8854c4;
(A);;884dc3;4;49c3d;
(A);;88cd2e;2;49c33;
(A);;50468;10;49c3d;
(S);;88a66b;704;
s_hee_SetupLanguages;0;;888a42;
s_hee_Features;32;;888e1b;
s_hee_Features1;64;;88921b;
s_hee_FeaturesGPRS1;96;;8893b5;
s_hee_FeaturesGPRS2;128;;889849;
a_hee_TATSimStringAD;288;;88a6ef;
s_hee_StkTerminalProfile;384;;88a64a;
s_hee_CodecPriorityStr;576;;88994a;
s_hee_Features2;608;;889ac7;
s_hee_Features3;640;;889b26;
s_hee_Features4;672;;889b62;
(S);;88841d;64;
v_hee_TraceCheckSum;0;;49c33;
v_hee_TraceNumber;8;;49c33;
v_hee_TraceSectionSize;16;;49c3d;
v_hee_TraceSignature;32;;49c5b;
(S);;6a6e0;192;
s_UserRxCfg;0;;512d0;
a_VolumeTable;32;;50474;
(A);;50494;4;49c3d;
(A);;88e0f5;2;49c33;
(S);;8864d1;96;
s_hee_DataBitFields1;0;;885922;
v_S0;32;;49c33;
v_S1;40;;49c33;
v_S3;48;;49c33;
v_S4;56;;49c33;
v_S5;64;;49c33;
v_S7;72;;49c33;
v_S8;80;;49c33;
v_S10;88;;49c33;
(S);;88549a;64;
s_hee_WapDataSectionHeader;0;;217824;
(A);;8886c3;100;49706;
(A);;88c74b;8;49c33;
(T);t_hee_UserGprsAppli;885156;88508b;
(T);t_hwlaud_Dses;50546;504dc;
(T);s_hee_AdcDataParam;88f9a3;88f989;
(B);;9ae3b;32;U;
(A);;4fa87;10;49c92;
(S);;885171;224;
s_hee_UserFeatures;0;;885156;
a_hee_GprsIPAddress;32;;885190;
v_hee_MobileSessionCounter;64;;49c5b;
v_hee_PcSessionCounter;96;;49c5b;
v_hee_DetachTimer;128;;49c5b;
v_hee_DeactivatePdpTimer;160;;49c5b;
v_hee_DataTime;192;;49c3d;
v_GAP_END;208;;885250;
(S);;889b7a;192;
v_CallCtrlRedial;31;32;X1;
v_AlphaUssdInCc;30;32;X1;
v_TimerExpiration;29;32;X1;
v_9exxResponse;28;32;X1;
v_MenuSelection;27;32;X1;
v_CbDownload;26;32;X1;
v_PpDownload;25;32;X1;
v_ProfileDownload;24;32;X1;
v_ExtensionText;23;32;X1;
v_Ucs2Display;22;32;X1;
v_Ucs2Entry;21;32;X1;
v_AlphaIdInCc;20;32;X1;
v_MoSmControl;19;32;X1;
v_CellIdInCc;18;32;X1;
v_CallControl;17;32;X1;
v_CommandResult;16;32;X1;
v_Refresh;15;32;X1;
v_PollingOff;14;32;X1;
v_Pollinterval;13;32;X1;
v_PlayTone;12;32;X1;
v_MoreTime;11;32;X1;
v_GetInput;10;32;X1;
v_GetInkey;9;32;X1;
v_DisplayText;8;32;X1;
v_PLINmr;7;32;X1;
v_ProvLocalInfo;6;32;X1;
v_SetupMenu;5;32;X1;
v_SetupCall;4;32;X1;
v_SendUssd;3;32;X1;
v_SendSs;2;32;X1;
v_SendSms;1;32;X1;
v_SelectItem;0;32;X1;
v_EvCardReaderStatus;31;32;X1;
v_EvIdleAvailable;30;32;X1;
v_EvUserActivity;29;32;X1;
v_EvLocationStatus;28;32;X1;
v_EvCallDisconnected;27;32;X1;
v_EvCallConnected;26;32;X1;
v_EvMtCall;25;32;X1;
v_SetupEventList;24;32;X1;
v_RfuByte6;20;32;X4;
v_EvChannelStatus;19;32;X1;
v_EvDataAvailable;18;32;X1;
v_EvBrowserTermination;17;32;X1;
v_EvLanguageSelection;16;32;X1;
v_RfuByte7;13;32;X3;
v_GetReaderIdentifier;12;32;X1;
v_GetReaderStatus;11;32;X1;
v_PerformCardApdu;10;32;X1;
v_PowerOffCard;9;32;X1;
v_PowerOnCard;8;32;X1;
v_2ndCcpInCc;7;32;X1;
v_2ndAlphaIdInSetupCall;6;32;X1;
v_RunAtCommand;5;32;X1;
v_SetupIdleModeText;4;32;X1;
v_BinaryChoiceInGetInkey;3;32;X1;
v_PLIDateAndTime;2;32;X1;
v_TimerMngtCurrentValue;1;32;X1;
v_TimerMngtStartStop;0;32;X1;
v_ProvideLocalInfo;31;32;X1;
v_LaunchBrowser;30;32;X1;
v_LanguageNotification;29;32;X1;
v_ProvideLocalInfoTimingAdvance;28;32;X1;
v_ProvideLocalInfoLanguage;27;32;X1;
v_PLIBcch;26;32;X1;
v_SendDtmfCmd;25;32;X1;
v_SustainedDisplayText;24;32;X1;
v_RfuByte10;16;32;X8;
v_RfuByte11;8;32;X8;
v_RfuByte12;5;32;X3;
v_ChannelStatus;4;32;X1;
v_SendData;3;32;X1;
v_ReceiveData;2;32;X1;
v_CloseChannel;1;32;X1;
v_OpenChannel;0;32;X1;
v_NbChannels;29;32;X3;
v_RfuByte13;26;32;X3;
v_GprsBearer;25;32;X1;
v_CsdBearer;24;32;X1;
v_ScreenSizing;23;32;X1;
v_RfuByte14;21;32;X2;
v_NbCharDown;16;32;X5;
v_SizeFont;15;32;X1;
v_NbCharAcross;8;32;X7;
v_WidthReduction;5;32;X3;
v_RfuByte16;3;32;X2;
v_TextScrolling;2;32;X1;
v_TextWrapping;1;32;X1;
v_ResizeDisplay;0;32;X1;
v_RfuByte17;27;32;X5;
v_TCPSupportedInServerMode;26;32;X1;
v_UDPSupported;25;32;X1;
v_TCPSupported;24;32;X1;
v_RfuByte18;16;32;X8;
v_RfuByte19;8;32;X8;
v_RfuByte20;0;32;X8;
v_RfuByte21;24;32;X8;
v_RfuByte22;17;32;X7;
v_UTRANSupported;16;32;X1;
v_RfuByte23;8;32;X8;
v_RfuByte24;0;32;X8;
(T);t_hee_ImeiParam;8823c6;8822f5;
(S);;88b306;32;
v_hee_CurrentPolyMelFileId;16;32;X16;
v_hee_CurrentPolyMelVolume;12;32;X4;
v_hee_Padding;1;32;X11;
v_hee_TraceInCircularBuffer;0;32;X1;
(A);;88ca3a;15;49c33;
(A);;88bfa9;13;49c33;
(S);;6a60e;1648;
s_DspRxCfg;0;;50c26;
a_VolumeTable;1488;;50474;
(S);;50738;1488;
v_ConfigDnControl;0;;49c92;
v_CodecDnControl;16;;49c92;
v_CodecDnGain;32;;49c92;
v_CodecSdtGainOffset;48;;49c92;
v_PcmControl;64;;49c3d;
v_DlGain;80;;49c3d;
v_AuVolume;96;;49c92;
v_DlTau;112;;49c92;
v_AuDlFacGain;128;;49c92;
s_RxFirFilter;144;;503d3;
a_RxIirfilter;672;;503fc;
v_PkLimit;832;;49c92;
v_PkRecovery;848;;49c92;
v_PkPostGain;864;;49c92;
v_VcPostGain;880;;49c92;
v_VcLimiterThr;896;;49c92;
v_VcCompThr;912;;49c92;
v_VcGateThr;928;;49c92;
v_VcCompIndex;944;;49c3d;
v_AngAttenRise;960;;49c3d;
v_AngAttenFall;976;;49c3d;
v_AngAttenMinGain;992;;49c3d;
v_AngFastTauRise;1008;;49c3d;
v_AngFastTauFall;1024;;49c3d;
v_AngSlowTauRise;1040;;49c3d;
v_AngSlowTauFall;1056;;49c3d;
v_AngVadOffset;1072;;49c3d;
v_AngVadSoftRelease;1088;;49c3d;
v_AngCnGain;1104;;49c3d;
v_FmEnhancerFeedback1;1120;;49c3d;
v_FmEnhancerFeedForward1;1136;;49c3d;
v_FmEnhancerFeedback2;1152;;49c3d;
v_FmDriveCoef;1168;;49c3d;
v_FmWet;1184;;49c3d;
v_FmDry;1200;;49c3d;
v_FmBoostThreshold;1216;;49c3d;
v_FmBoostAmount_H;1232;;49c3d;
v_FmBoostAmount_L;1248;;49c3d;
v_FmBoostLimit;1264;;49c3d;
v_FmMinLimitCycle;1280;;49c3d;
v_FmMixGain1;1296;;49c3d;
v_FmMixGain2;1312;;49c3d;
v_FmMixGain3;1328;;49c3d;
v_DlHarmonizerAlpha;1344;;49c3d;
v_DlHarmonizerAlphaMidi;1360;;49c3d;
v_dlNsAlpha;1376;;49c92;
v_dlNsLn;1392;;49c92;
v_dlNsK;1408;;49c92;
v_dlNsTauR;1424;;49c92;
v_dlNsTauD;1440;;49c92;
v_dlNsLamda;1456;;49c92;
v_dlNsTauF;1472;;49c92;
(A);;88de01;3;49c33;
(A);;88cfb0;2;49c33;
(S);;8846e9;576;
s_hee_AddrSectionHeader;0;;217824;
a_hee_ConvSectionTable;64;;88470f;
(S);;4fffe;4336;
a_AudioDcCal;0;;4ffdb;
(A);;88e6dc;2;49c33;
(A);;88fce6;4;49c3d;
(A);;88df98;2;49c33;
(A);;886302;60;88629b;
(A);;886707;1;49c33;
(S);;88e1db;800;
s_hee_OamSectionHeader;0;;217824;
s_hee_CodeBarre_Section;64;;88dc91;
s_hee_MTX_oam_Section;160;;88de24;
s_hee_FA_oam_Section;288;;88df77;
s_hee_PN_Number;416;;88e0b0;
s_hee_12NC_Number;544;;88e13d;
s_hee_SAV_Section;672;;88e1c1;
(A);;4f8c5;8;49c92;
(T);t_hee_SettingsBitFields1;88ad57;88aadd;
(T);t_hee_StkTerminalProfile;88a64a;889b7a;
(T);stBblRfNvramTxFreqBiasParam;ebe43;ebe0c;
(T);t_hee_SettingsBitFields3;88b1c9;88b01c;
(A);;88d868;10;88d7d2;
(T);t_hee_SettingsBitFields;88aabe;88a899;
(T);bool;49c15;49c22;
(A);;888037;10;49c33;
(S);;88b1ea;32;
v_RFU4;24;32;X8;
v_hee_SettingsRamDump;16;32;X8;
v_RFU2;11;32;X5;
v_hee_UsbConfigSelect;8;32;X3;
v_RFU1;7;32;X1;
v_hee_ErrorDebugIsBlocking;6;32;X1;
v_RFU3;5;32;X1;
v_hee_ReconfPhoneLock;3;32;X2;
v_hee_PhoneLock;0;32;X3;
(A);;88b907;16;49c3d;
(T);t_hwlaud_TxIirFilter;5044b;5043f;
(A);;88c8a7;23;88c6ff;
(B);;886e3d;8;U;
(A);;8823a0;16;49c33;
(T);s_hee_IpStackParam;8849d9;8849bf;
(A);;ec524;30;9adf3;
(A);;88cff6;8;49c33;
(S);;88a7af;768;
s_hee_SetupSectionHeader;0;;217824;
s_hee_Setup;64;;88a79b;
(A);;88bb70;28;49c33;
(A);;8878c7;70;49c33;
(S);;889adf;32;
v_hee_CallCtrlStkBusyAllowed;0;;49c33;
v_Empty;8;;889b0a;
(A);;88cf07;4;49c33;
(A);;88fcb5;4;49c3d;
(S);;88da3b;20032;
s_hwlsyn_Xtal;0;;218034;
(T);t_hee_SettingsDriver;88b7da;88b76b;
(S);;ebc54;64;
txVrampCorrLowArfcn;0;;9adf3;
txVrampCorrHighArfcn;16;;9adf3;
txVrampThresholdLowArfcn;32;;9adf3;
txVrampThresholdHighArfcn;48;;9adf3;
(T);t_hee_SavParam;88d461;88d2dd;
(T);stBblRfNvramTxVrampTempCorrectionParam;ebd5a;ebd04;
(S);;506e2;48;
v_speed;0;;49c3d;
v_timeout;16;;49c3d;
v_threshold;32;;49c3d;
(S);;888e32;32;
v_hee_BOUYGUESoperator;31;32;X1;
v_hee_Operator1;30;32;X1;
v_hee_Operator2;29;32;X1;
v_hee_Operator3;28;32;X1;
v_hee_Operator4;27;32;X1;
v_hee_Operator5;26;32;X1;
v_hee_Operator6;25;32;X1;
v_hee_Operator7;24;32;X1;
v_hee_SetupMATAccessState;21;32;X3;
v_hee_GapFeatures1_0;20;32;X1;
v_hee_Setup_Brix;19;32;X1;
v_hee_Setup_Equalizer;18;32;X1;
v_hee_Setup_SpareDigit;17;32;X1;
v_hee_Setup_Meca;16;32;X1;
v_hee_Setup_Handsfree;15;32;X1;
v_hee_Setup_IRDA;14;32;X1;
v_hee_Slow_Synchro;13;32;X1;
v_hee_SetupVASSMS;12;32;X1;
v_hee_SetupMoses;11;32;X1;
v_hee_SetupSpridge;10;32;X1;
v_hee_NoNetworkInEmergencyIdle;9;32;X1;
v_hee_SetupGames;8;32;X1;
v_hee_Setup_ATP;7;32;X1;
v_hee_SetupDisplayMenuFaxData;6;32;X1;
v_hee_SetupDisplayMenuMailBox;5;32;X1;
v_hee_SetupSSinFDN;4;32;X1;
v_hee_SetupBandIndication;3;32;X1;
v_hee_SetupTraceL1Management;2;32;X1;
v_hee_SetupSwitchVoltFreqManagement;1;32;X1;
v_hee_SetupAvddssManagement;0;32;X1;
(T);t_hee_CcpE;88bf70;88be62;
(T);Uint32;9ae2c;9ae3b;
(T);t_atp_AsoluteTime;88672d;886636;
(T);t_hee_ClkDateTime;88baab;88ba16;
(T);t_hee_DataParam;886d87;886b85;
(T);t_hee_Features2;889ac7;889969;
(A);;88d288;19;49c5b;
(A);;88ff55;16;49c33;
(A);;ec46d;11;9ae2c;
(T);t_hee_FeaturesGPRS1;8893b5;889233;
(S);;504dc;80;
v_g1;0;;49c3d;
v_g2;16;;49c3d;
v_offset;32;;49c3d;
v_TauModulatoionR;48;;49c3d;
v_TauModulatoionD;64;;49c3d;
(S);;886b85;4992;
s_hee_DataSectionHeader;0;;217824;
s_hee_DateTime1;64;;886b6e;
s_hee_DateTime2;128;;886b6e;
s_hee_DateTime3;192;;886b6e;
s_hee_DateTime4;256;;886b6e;
s_hee_DateTime5;320;;886b6e;
s_hee_CmuxSettings;384;;886ad5;
s_atp_Context;448;;8864b2;
s_atp_CurrentProfile;736;;886564;
s_atp_Profile0;832;;88661a;
s_atp_Profile1;928;;88661a;
s_atp_SmsSettingsCurrentProfile;1024;;886908;
s_atp_SmsSettingsProfile0;1344;;88696a;
s_atp_SmsSettingsProfile1;1664;;88696a;
s_hee_atp_PDPContexts;1984;;886a00;
v_CR11;3936;;49c33;
v_GAP_End;3944;;886d31;
v_ant_NitzFullName;3968;;8862e2;
v_ant_NitzShortName;4480;;886341;
(S);;88b87d;32;
v_NbDcsInDcsList;0;;49c33;
a_DcsList;8;;88b89c;
v_SmscbActiveList;16;;49c33;
v_SmscbReserved;24;;49c33;
(A);;4fbec;10;49c92;
(A);;8872fe;3;886ee8;
(A);;88234a;3;49c33;
(S);;ebeb5;32;
txVcoRegVoltageHigh;0;;9adf3;
txVcoRegThresholdArfcn;16;;9adf3;
(T);s_hee_SpeechParam;88cc49;88cc31;
(S);;885391;64;
s_hee_WapEncryptedDataSectionHeader;0;;217824;
(T);t_hee_CodeBarre_Section;88dc91;88dc45;
(S);;889865;32;
v_hee_FirstCodecPriority;28;32;X4;
v_hee_SecondCodecPriority;24;32;X4;
v_hee_ThirdCodecPriority;20;32;X4;
v_hee_FourthCodecPriority;16;32;X4;
v_hee_FifthCodecPriority;12;32;X4;
v_hee_FillCodecPriority;0;32;X12;
(T);t_hee_Features1;88921b;888e32;
(S);;88782e;192;
v_hee_EquivalentPlmn;0;;887833;
(A);;6a7bd;4;6a712;
(S);;ebf8c;8480;
versionId;0;;9adf3;
afcDacValue;16;;9adf3;
afcSlopeMin;32;;9adf3;
afcSlopeMax;48;;9adf3;
cdacValue;64;;9adb7;
rxTxAsmRxFemWord;72;;ebff7;
rxTxAsmTxFemWord;104;;ec01b;
rxTxAsmSleepMode;136;;9adb7;
paBandSelUart;144;;9adb7;
paBandSelGpio;152;;9adb7;
rxTimingAllBands;160;;ec087;
rssiTimingAllBands;272;;ec0ab;
rxAccGain;384;;ec0dd;
rssiCorrection;768;;ec0f8;
rssiCorrectionTemp;1536;;ec118;
rampProfileUp;1664;;ec13d;
rampProfileDn;1792;;ec15f;
txVrampMax;1920;;ec18d;
txVrampMin;2944;;ec1b6;
rampUpTable;3456;;ec1df;
rampDnTable;4480;;ec209;
txVrampCorr;5504;;ec227;
txVrampTempCorr;5760;;ec245;
txVrampVBatCorr;5952;;ec267;
txTimingsPclRange;6144;;ec289;
txTimings;6176;;ec2af;
txTimingsAll;6848;;ec2cb;
alignment_dummy_4;6928;;9adb7;
alignment_dummy_5;6936;;9adb7;
txFreqBias;6944;;ec324;
rxTxDelay;7072;;ec341;
txVcoRegBoost;7104;;ec35f;
paRampDacFilter;7168;;9adb7;
rxLnaSwap;7176;;9adb7;
alignment_dummy_7;7184;;9adb7;
alignment_dummy_8;7192;;9adb7;
initSequence0;7200;;ec3e5;
initSequence1;7232;;ec407;
initSequence2;7616;;ec429;
initSequence3;7808;;ec44b;
initSequence4;7968;;ec46d;
initSequence5;8320;;ec48f;
tdiLite;8448;;ebf70;
(T);t_hee_SectionIndex;21772b;217287;
(A);;ed6de;1024;9adb7;
(S);;8807f5;320;
v_Mcc;0;;49c3d;
v_Mnc;16;;49c3d;
s_Ns1Ns2;32;;8807e0;
a_ImsiD6toD15;64;;880828;
a_Gid1;192;;880847;
a_Gid2;288;;88085f;
(T);t_hau_AudioBBLParams;6a7fe;6a72c;
(T);t_hee_nitz_information;88c0f3;88c0a4;
(A);;888253;10;49c33;
(A);;ebe77;3;ebe6b;
(T);t_hee_Melody;88e3f3;88e325;
(T);t_hee_FmSetting;884ad9;884a78;
(S);;88cc08;64;
s_hee_SpeechSectionHeader;0;;217824;
(A);;ed6bf;4;9add6;
