s_hee_DefaultAudioParam 0x0026a2e8 5816
s_hee_DefaultBatParam 0x0026b9a0 224
s_hee_DefaultAdcDataParam 0x0026ba80 152
s_hee_DefaultHotKeyParam 0x0026bcb8 84
s_hee_DefaultKbdParam 0x0026bd0c 192
s_hee_DefaultMelodyParam 0x0026bdcc 256
s_hee_DefaultEepromBaseBand 0x0026becc 4928
s_hee_BtDefaultSettingsParam 0x0026d20c 1044
s_hee_BtDefaultFactoryParam 0x0026d620 548
s_hee_DefaultSPCENSection 0x0026d844 28
s_hee_DefaultSpeechParam 0x0026d860 8
s_hee_DefaultSettingParam 0x0026d868 1300
s_hee_DefaultSetupParam 0x0026dd7c 96
s_hee_DefaultTrace 0x0026dddc 232
s_hee_DefaultProductionParam 0x0026dec4 280
s_hee_DefaultGsmStackSectionParam 0x0026dfdc 344
s_hee_DefaultVirginSpecialSection 0x0026e134 3016
s_hee_DefaultDataParam 0x0026ecfc 624
s_hee_DefaultWapDataParam 0x0026ef6c 8
s_hee_DefaultWapEncryptedDataParam 0x0026ef74 8
s_hee_DefaultGprsAppliParam 0x0026ef7c 36
s_hee_DefaultGprsStackParam 0x0026efa0 76
s_hee_FmDefaultSettingsParam 0x0026efec 32
s_hee_DefaultIpStackSectionParam 0x0026f00c 56
s_hee_DefaultAddrParam 0x0026f044 72
s_hee_DefaultImeiParam 0x0026fa88 40
s_hee_DefaultSimLocked 0x0026fab0 568
s_hee_InitStatus 0xa802b5a0 4
s_hee_InitStatusBis 0xa802b5a4 4
s_hee_AudioParam 0xa802b5ac 5816
s_hee_BatParam 0xa802cc64 224
s_hee_AdcDataParam 0xa802cd44 152
s_hee_HotKeyParam 0xa802cddc 84
s_hee_KbdParam 0xa802ce30 192
s_hee_MelodyParam 0xa802cef0 256
s_hee_OamParam 0xa802cff0 100
s_hee_EepromBaseBand 0xa802d054 4928
s_hee_BtSettingParam 0xa802e394 1044
s_hee_BtFactoryParam 0xa802e7a8 548
s_hee_SavParam 0xa802e9cc 288
s_hee_SPCENSection 0xa802eaec 28
s_hee_SpeechParam 0xa802eb08 8
s_hee_SettingParam 0xa802eb10 1300
s_hee_SetupParam 0xa802f024 96
s_hee_Trace 0xa802f084 232
s_hee_ProductionParam 0xa802f16c 280
s_hee_GsmStackParam 0xa802f284 344
s_hee_VirginSpecialSection 0xa802f3dc 3016
s_hee_DataParam 0xa802ffa4 624
s_hee_WapDataParam 0xa8030214 8
s_hee_WapEncryptedDataParam 0xa803021c 8
s_hee_GprsAppliParam 0xa8030224 36
s_hee_GprsStackParam 0xa8030248 76
s_hee_FmSettingParam 0xa8030294 32
s_hee_IpStackParam 0xa80302b4 56
s_hee_AddrParam 0xa80302ec 72
s_hee_ImeiParam 0xa8030334 40
s_hee_SimLocked 0xa803035c 568
